<html>
<body>
<pre>
<h1>礦ision Build Log</h1>
<h2>Tool Versions:</h2>
IDE-Version: μVision V5.28.0.0
Copyright (C) 2019 ARM Ltd and ARM Germany GmbH. All rights reserved.
License Information: Admin,  , LIC=KRMW3-AB7UF-BS6YX-H6S4A-60JQP-CFNZH
 
Tool Versions:
Toolchain:       MDK-ARM Plus  Version: 5.28.0.0
Toolchain Path:  E:\STM32\keil5\ARM\ARMCC\Bin
C Compiler:      Armcc.exe V5.06 update 6 (build 750)
Assembler:       Armasm.exe V5.06 update 6 (build 750)
Linker/Locator:  ArmLink.exe V5.06 update 6 (build 750)
Library Manager: ArmAr.exe V5.06 update 6 (build 750)
Hex Converter:   FromElf.exe V5.06 update 6 (build 750)
CPU DLL:         SARMCM3.DLL V5.28.0.0
Dialog DLL:      DCM.DLL V1.17.3.0
Target DLL:      Segger\JL2CM3.dll V2.99.36.0
Dialog DLL:      TCM.DLL V1.36.2.0
 
<h2>Project:</h2>
C:\Users\可达鸭\Desktop\新建文件夹\运动手环\project\project.uvprojx
Project File Date:  01/24/2024

<h2>Output:</h2>
*** Using Compiler 'V5.06 update 6 (build 750)', folder: 'E:\STM32\keil5\ARM\ARMCC\Bin'
Build target 'first'
compiling main.c...
..\Mycode\iic2.h(30): warning:  #1-D: last line of file ends without a newline
  #endif
..\Mycode\main.c(137): warning:  #177-D: variable "x"  was declared but never referenced
  	short x,y,z;
..\Mycode\main.c(137): warning:  #177-D: variable "y"  was declared but never referenced
  	short x,y,z;
..\Mycode\main.c(137): warning:  #177-D: variable "z"  was declared but never referenced
  	short x,y,z;
..\Mycode\main.c(138): warning:  #177-D: variable "Gx"  was declared but never referenced
  	float Gx,Gy,Gz;
..\Mycode\main.c(138): warning:  #177-D: variable "Gy"  was declared but never referenced
  	float Gx,Gy,Gz;
..\Mycode\main.c(138): warning:  #177-D: variable "Gz"  was declared but never referenced
  	float Gx,Gy,Gz;
..\Mycode\main.c(183): warning:  #177-D: variable "temp_num"  was declared but never referenced
  	u8 temp_num=0;
..\Mycode\main.c(185): warning:  #177-D: variable "str"  was declared but never referenced
  	u8 str[100];
..\Mycode\main.c(186): warning:  #550-D: variable "dis_hr"  was set but never used
  	u8 dis_hr=0,dis_spo2=0;
..\Mycode\main.c(186): warning:  #550-D: variable "dis_spo2"  was set but never used
  	u8 dis_hr=0,dis_spo2=0;
..\Mycode\main.c(187): warning:  #177-D: variable "string"  was declared but never referenced
  	char string[100];
..\Mycode\main.c(395): warning:  #192-D: unrecognized character escape sequence
  		printf("%f\t%f\t\%f\r\n",Gx,Gy,Gz);
..\Mycode\main.c(367): warning:  #177-D: variable "ledflag"  was declared but never referenced
  	int ledflag =0;  //0灭  1亮
..\Mycode\main.c(370): warning:  #177-D: variable "step"  was declared but never referenced
  	unsigned long step=0;
..\Mycode\main.c: 15 warnings, 0 errors
linking...
Program Size: Code=31928 RO-data=4728 RW-data=248 ZI-data=88672  
".\Objects\project.axf" - 0 Error(s), 15 Warning(s).

<h2>Software Packages used:</h2>

Package Vendor: Keil
                http://www.keil.com/pack/Keil.STM32F4xx_DFP.1.0.8.pack
                Keil.STM32F4xx_DFP.1.0.8
                STMicroelectronics STM32F4 Series Device Support, Drivers and Examples

<h2>Collection of Component include folders:</h2>
  .\RTE\_first
  E:\STM32\keil5\pack\Keil\STM32F4xx_DFP\1.0.8\Device\Include

<h2>Collection of Component Files used:</h2>
Build Time Elapsed:  00:00:01
</pre>
</body>
</html>
