Component: ARM Compiler 5.06 update 6 (build 750) Tool: armlink [4d35ed]

==============================================================================

Section Cross References

    system_stm32f4xx.o(i.SystemCoreClockUpdate) refers to system_stm32f4xx.o(.data) for .data
    system_stm32f4xx.o(i.SystemInit) refers to system_stm32f4xx.o(i.SetSysClock) for SetSysClock
    startup_stm32f40_41xxx.o(RESET) refers to startup_stm32f40_41xxx.o(STACK) for __initial_sp
    startup_stm32f40_41xxx.o(RESET) refers to startup_stm32f40_41xxx.o(.text) for Reset_Handler
    startup_stm32f40_41xxx.o(RESET) refers to port.o(.emb_text) for SVC_Handler
    startup_stm32f40_41xxx.o(RESET) refers to port.o(i.SysTick_Handler) for SysTick_Handler
    startup_stm32f40_41xxx.o(RESET) refers to usart.o(i.USART1_IRQHandler) for USART1_IRQHandler
    startup_stm32f40_41xxx.o(RESET) refers to main.o(i.USART2_IRQHandler) for USART2_IRQHandler
    startup_stm32f40_41xxx.o(RESET) refers to usart.o(i.USART3_IRQHandler) for USART3_IRQHandler
    startup_stm32f40_41xxx.o(RESET) refers to rtc.o(i.RTC_Alarm_IRQHandler) for RTC_Alarm_IRQHandler
    startup_stm32f40_41xxx.o(RESET) refers to timer.o(i.TIM8_TRG_COM_TIM14_IRQHandler) for TIM8_TRG_COM_TIM14_IRQHandler
    startup_stm32f40_41xxx.o(.text) refers to system_stm32f4xx.o(i.SystemInit) for SystemInit
    startup_stm32f40_41xxx.o(.text) refers to entry.o(.ARM.Collect$$$$00000000) for __main
    main.o(i.AppTask) refers to rtc.o(i.RTC_Config) for RTC_Config
    main.o(i.AppTask) refers to memseta.o(.text) for __aeabi_memclr4
    main.o(i.AppTask) refers to oled.o(i.OLED_Init) for OLED_Init
    main.o(i.AppTask) refers to oled.o(i.OLED_Fill) for OLED_Fill
    main.o(i.AppTask) refers to queue.o(i.xQueueGenericReceive) for xQueueGenericReceive
    main.o(i.AppTask) refers to oled.o(i.OLED_ShowChar) for OLED_ShowChar
    main.o(i.AppTask) refers to stm32f4xx_rtc.o(i.RTC_GetTime) for RTC_GetTime
    main.o(i.AppTask) refers to stm32f4xx_rtc.o(i.RTC_GetDate) for RTC_GetDate
    main.o(i.AppTask) refers to printfa.o(i.__0printf) for __2printf
    main.o(i.AppTask) refers to printfa.o(i.__0sprintf) for __2sprintf
    main.o(i.AppTask) refers to oled.o(i.OLED_ShowLChar) for OLED_ShowLChar
    main.o(i.AppTask) refers to stm32f4xx_rtc.o(i.RTC_GetAlarm) for RTC_GetAlarm
    main.o(i.AppTask) refers to stm32f4xx_gpio.o(i.GPIO_ReadInputDataBit) for GPIO_ReadInputDataBit
    main.o(i.AppTask) refers to stm32f4xx_gpio.o(i.GPIO_SetBits) for GPIO_SetBits
    main.o(i.AppTask) refers to queue.o(i.xQueueGenericSend) for xQueueGenericSend
    main.o(i.AppTask) refers to tasks.o(i.vTaskDelay) for vTaskDelay
    main.o(i.AppTask) refers to oled.o(i.OLED_ON) for OLED_ON
    main.o(i.AppTask) refers to stm32f4xx_gpio.o(i.GPIO_ResetBits) for GPIO_ResetBits
    main.o(i.AppTask) refers to oled.o(i.OLED_OFF) for OLED_OFF
    main.o(i.AppTask) refers to main.o(.data) for .data
    main.o(i.AppTask1) refers to tasks.o(i.vTaskDelay) for vTaskDelay
    main.o(i.AppTask1) refers to inv_mpu.o(i.mpu_dmp_init) for mpu_dmp_init
    main.o(i.AppTask1) refers to mpu6050.o(i.MPU_Read_Byte) for MPU_Read_Byte
    main.o(i.AppTask1) refers to printfa.o(i.__0printf) for __2printf
    main.o(i.AppTask1) refers to memseta.o(.text) for __aeabi_memclr4
    main.o(i.AppTask1) refers to queue.o(i.xQueueGenericReceive) for xQueueGenericReceive
    main.o(i.AppTask1) refers to inv_mpu_dmp_motion_driver.o(i.dmp_get_pedometer_step_count) for dmp_get_pedometer_step_count
    main.o(i.AppTask1) refers to printfa.o(i.__0sprintf) for __2sprintf
    main.o(i.AppTask1) refers to usart.o(i.USART2_SendString) for USART2_SendString
    main.o(i.AppTask1) refers to oled.o(i.OLED_ShowLChar) for OLED_ShowLChar
    main.o(i.AppTask1) refers to queue.o(i.xQueueGenericSend) for xQueueGenericSend
    main.o(i.AppTask1) refers to main.o(.data) for .data
    main.o(i.AppTask2) refers to max30102.o(i.max30102_init) for max30102_init
    main.o(i.AppTask2) refers to printfa.o(i.__0printf) for __2printf
    main.o(i.AppTask2) refers to stm32f4xx_gpio.o(i.GPIO_ReadInputDataBit) for GPIO_ReadInputDataBit
    main.o(i.AppTask2) refers to max30102.o(i.max30102_FIFO_ReadBytes) for max30102_FIFO_ReadBytes
    main.o(i.AppTask2) refers to max30102.o(i.maxim_heart_rate_and_oxygen_saturation) for maxim_heart_rate_and_oxygen_saturation
    main.o(i.AppTask2) refers to memseta.o(.text) for __aeabi_memclr4
    main.o(i.AppTask2) refers to tasks.o(i.vTaskDelay) for vTaskDelay
    main.o(i.AppTask2) refers to tasks.o(i.vTaskSuspend) for vTaskSuspend
    main.o(i.AppTask2) refers to oled.o(i.OLED_Fill) for OLED_Fill
    main.o(i.AppTask2) refers to printfa.o(i.__0sprintf) for __2sprintf
    main.o(i.AppTask2) refers to usart.o(i.USART2_SendString) for USART2_SendString
    main.o(i.AppTask2) refers to oled.o(i.OLED_ShowLChar) for OLED_ShowLChar
    main.o(i.AppTask2) refers to tasks.o(i.vTaskResume) for vTaskResume
[...]
    i.xQueueGenericCreate                    0x08007374   Section        0  queue.o(i.xQueueGenericCreate)
    i.xQueueGenericReceive                   0x080073e4   Section        0  queue.o(i.xQueueGenericReceive)
    i.xQueueGenericReset                     0x0800756c   Section        0  queue.o(i.xQueueGenericReset)
    i.xQueueGenericSend                      0x08007618   Section        0  queue.o(i.xQueueGenericSend)
    i.xQueueGenericSendFromISR               0x080077a4   Section        0  queue.o(i.xQueueGenericSendFromISR)
    i.xTaskCheckForTimeOut                   0x08007888   Section        0  tasks.o(i.xTaskCheckForTimeOut)
    i.xTaskCreate                            0x08007914   Section        0  tasks.o(i.xTaskCreate)
    i.xTaskGetSchedulerState                 0x0800796c   Section        0  tasks.o(i.xTaskGetSchedulerState)
    i.xTaskGetTickCount                      0x08007988   Section        0  tasks.o(i.xTaskGetTickCount)
    i.xTaskIncrementTick                     0x08007994   Section        0  tasks.o(i.xTaskIncrementTick)
    i.xTaskPriorityDisinherit                0x08007a80   Section        0  tasks.o(i.xTaskPriorityDisinherit)
    i.xTaskRemoveFromEventList               0x08007b38   Section        0  tasks.o(i.xTaskRemoveFromEventList)
    i.xTaskResumeAll                         0x08007bd4   Section        0  tasks.o(i.xTaskResumeAll)
    i.xTimerCreate                           0x08007cbc   Section        0  timers.o(i.xTimerCreate)
    i.xTimerCreateTimerTask                  0x08007d34   Section        0  timers.o(i.xTimerCreateTimerTask)
    i.xTimerGenericCommand                   0x08007dac   Section        0  timers.o(i.xTimerGenericCommand)
    .constdata                               0x08007e40   Section      576  oled.o(.constdata)
    .constdata                               0x08008080   Section       27  inv_mpu.o(.constdata)
    .constdata                               0x0800809c   Section       12  inv_mpu.o(.constdata)
    .constdata                               0x080080a8   Section       40  inv_mpu.o(.constdata)
    .constdata                               0x080080d0   Section     3062  inv_mpu_dmp_motion_driver.o(.constdata)
    dmp_memory                               0x080080d0   Data        3062  inv_mpu_dmp_motion_driver.o(.constdata)
    .constdata                               0x08008cc6   Section      246  max30102.o(.constdata)
    .constdata                               0x08008dc0   Section       80  asin.o(.constdata)
    pS                                       0x08008dc0   Data          48  asin.o(.constdata)
    qS                                       0x08008df0   Data          32  asin.o(.constdata)
    .constdata                               0x08008e10   Section      152  atan.o(.constdata)
    atanhi                                   0x08008e10   Data          32  atan.o(.constdata)
    atanlo                                   0x08008e30   Data          32  atan.o(.constdata)
    aTodd                                    0x08008e50   Data          40  atan.o(.constdata)
    aTeven                                   0x08008e78   Data          48  atan.o(.constdata)
    .constdata                               0x08008ea8   Section        8  qnan.o(.constdata)
    .conststring                             0x08008eb0   Section       77  inv_mpu.o(.conststring)
    .bss                                     0x10000000   Section     4000  main.o(.bss)
    .bss                                     0x10000fa0   Section     5984  max30102.o(.bss)
    an_dx                                    0x10000fa0   Data        1984  max30102.o(.bss)
    an_x                                     0x10001760   Data        2000  max30102.o(.bss)
    an_y                                     0x10001f30   Data        2000  max30102.o(.bss)
    .bss                                     0x10002700   Section      740  tasks.o(.bss)
    pxReadyTasksLists                        0x10002700   Data         640  tasks.o(.bss)
    xDelayedTaskList1                        0x10002980   Data          20  tasks.o(.bss)
    xDelayedTaskList2                        0x10002994   Data          20  tasks.o(.bss)
    xPendingReadyList                        0x100029a8   Data          20  tasks.o(.bss)
    xTasksWaitingTermination                 0x100029bc   Data          20  tasks.o(.bss)
    xSuspendedTaskList                       0x100029d0   Data          20  tasks.o(.bss)
    STACK                                    0x100029e8   Section     1024  startup_stm32f40_41xxx.o(STACK)
    .data                                    0x20000000   Section       59  main.o(.data)
    AppTask_Handle                           0x20000004   Data           4  main.o(.data)
    AppTask_Handle1                          0x20000008   Data           4  main.o(.data)
    AppTask_Handle2                          0x2000000c   Data           4  main.o(.data)
    AppTask_Handle3                          0x20000010   Data           4  main.o(.data)
    .data                                    0x2000003c   Section        4  timer.o(.data)
    num                                      0x2000003c   Data           4  timer.o(.data)
    .data                                    0x20000040   Section       53  inv_mpu.o(.data)
    st                                       0x20000040   Data          44  inv_mpu.o(.data)
    gyro_orientation                         0x2000006c   Data           9  inv_mpu.o(.data)
    .data                                    0x20000075   Section       16  stm32f4xx_rcc.o(.data)
    APBAHBPrescTable                         0x20000075   Data          16  stm32f4xx_rcc.o(.data)
    .data                                    0x20000088   Section       60  tasks.o(.data)
    uxDeletedTasksWaitingCleanUp             0x2000008c   Data           4  tasks.o(.data)
    uxCurrentNumberOfTasks                   0x20000090   Data           4  tasks.o(.data)
    xTickCount                               0x20000094   Data           4  tasks.o(.data)
    uxTopReadyPriority                       0x20000098   Data           4  tasks.o(.data)
    xSchedulerRunning                        0x2000009c   Data           4  tasks.o(.data)
    uxPendedTicks                            0x200000a0   Data           4  tasks.o(.data)
    xYieldPending                            0x200000a4   Data           4  tasks.o(.data)
    xNumOfOverflows                          0x200000a8   Data           4  tasks.o(.data)
    uxTaskNumber                             0x200000ac   Data           4  tasks.o(.data)
    xNextTaskUnblockTime                     0x200000b0   Data           4  tasks.o(.data)
    xIdleTaskHandle                          0x200000b4   Data           4  tasks.o(.data)
    uxSchedulerSuspended                     0x200000b8   Data           4  tasks.o(.data)
    pxDelayedTaskList                        0x200000bc   Data           4  tasks.o(.data)
    pxOverflowDelayedTaskList                0x200000c0   Data           4  tasks.o(.data)
    .data                                    0x200000c4   Section       20  timers.o(.data)
    xTimerQueue                              0x200000c4   Data           4  timers.o(.data)
    xTimerTaskHandle                         0x200000c8   Data           4  timers.o(.data)
    xLastTime                                0x200000cc   Data           4  timers.o(.data)
    pxCurrentTimerList                       0x200000d0   Data           4  timers.o(.data)
    pxOverflowTimerList                      0x200000d4   Data           4  timers.o(.data)
    .data                                    0x200000d8   Section       24  heap_4.o(.data)
    pxEnd                                    0x200000d8   Data           4  heap_4.o(.data)
    xFreeBytesRemaining                      0x200000dc   Data           4  heap_4.o(.data)
    xMinimumEverFreeBytesRemaining           0x200000e0   Data           4  heap_4.o(.data)
    xBlockAllocatedBit                       0x200000e4   Data           4  heap_4.o(.data)
    xStart                                   0x200000e8   Data           8  heap_4.o(.data)
    .data                                    0x200000f0   Section       12  port.o(.data)
    ucMaxSysCallPriority                     0x200000f0   Data           1  port.o(.data)
    uxCriticalNesting                        0x200000f4   Data           4  port.o(.data)
    ulMaxPRIGROUPValue                       0x200000f8   Data           4  port.o(.data)
    .data                                    0x200000fc   Section        4  stdout.o(.data)
    .data                                    0x20000100   Section        4  errno.o(.data)
    _errno                                   0x20000100   Data           4  errno.o(.data)
    .bss                                     0x20000104   Section       16  inv_mpu_dmp_motion_driver.o(.bss)
    dmp                                      0x20000104   Data          16  inv_mpu_dmp_motion_driver.o(.bss)
    .bss                                     0x20000114   Section       64  queue.o(.bss)
    .bss                                     0x20000154   Section       40  timers.o(.bss)
    xActiveTimerList1                        0x20000154   Data          20  timers.o(.bss)
    xActiveTimerList2                        0x20000168   Data          20  timers.o(.bss)
    .bss                                     0x2000017c   Section    76800  heap_4.o(.bss)
    ucHeap                                   0x2000017c   Data       76800  heap_4.o(.bss)

    Global Symbols

    Symbol Name                              Value     Ov Type        Size  Object(Section)

    BuildAttributes$$THM_ISAv4$E$P$D$K$B$S$7EM$VFPi3$EXTD16$VFPS$VFMA$PE$A:L22UL41UL21$X:L11$S22US41US21$IEEE1$IW$USESV6$~STKCKD$USESV7$~SHL$OTIME$ROPI$IEEEX$EBA8$MICROLIB$REQ8$PRES8$EABIv2 0x00000000   Number         0  anon$$obj.o ABSOLUTE
    __ARM_use_no_argv                        0x00000000   Number         0  main.o ABSOLUTE
    _printf_a                                0x00000000   Number         0  stubs.o ABSOLUTE
    _printf_c                                0x00000000   Number         0  stubs.o ABSOLUTE
    _printf_charcount                        0x00000000   Number         0  stubs.o ABSOLUTE
    _printf_d                                0x00000000   Number         0  stubs.o ABSOLUTE
    _printf_e                                0x00000000   Number         0  stubs.o ABSOLUTE
    _printf_f                                0x00000000   Number         0  stubs.o ABSOLUTE
    _printf_flags                            0x00000000   Number         0  stubs.o ABSOLUTE
    _printf_fp_dec                           0x00000000   Number         0  stubs.o ABSOLUTE
    _printf_fp_hex                           0x00000000   Number         0  stubs.o ABSOLUTE
    _printf_g                                0x00000000   Number         0  stubs.o ABSOLUTE
    _printf_i                                0x00000000   Number         0  stubs.o ABSOLUTE
    _printf_int_dec                          0x00000000   Number         0  stubs.o ABSOLUTE
    _printf_l                                0x00000000   Number         0  stubs.o ABSOLUTE
    _printf_lc                               0x00000000   Number         0  stubs.o ABSOLUTE
    _printf_ll                               0x00000000   Number         0  stubs.o ABSOLUTE
    _printf_lld                              0x00000000   Number         0  stubs.o ABSOLUTE
    _printf_lli                              0x00000000   Number         0  stubs.o ABSOLUTE
    _printf_llo                              0x00000000   Number         0  stubs.o ABSOLUTE
    _printf_llu                              0x00000000   Number         0  stubs.o ABSOLUTE
    _printf_llx                              0x00000000   Number         0  stubs.o ABSOLUTE
    _printf_longlong_dec                     0x00000000   Number         0  stubs.o ABSOLUTE
    _printf_longlong_hex                     0x00000000   Number         0  stubs.o ABSOLUTE
    _printf_longlong_oct                     0x00000000   Number         0  stubs.o ABSOLUTE
    _printf_ls                               0x00000000   Number         0  stubs.o ABSOLUTE
    _printf_mbtowc                           0x00000000   Number         0  stubs.o ABSOLUTE
    _printf_n                                0x00000000   Number         0  stubs.o ABSOLUTE
    _printf_o                                0x00000000   Number         0  stubs.o ABSOLUTE
    _printf_p                                0x00000000   Number         0  stubs.o ABSOLUTE
    _printf_percent                          0x00000000   Number         0  stubs.o ABSOLUTE
    _printf_pre_padding                      0x00000000   Number         0  stubs.o ABSOLUTE
    _printf_return_value                     0x00000000   Number         0  stubs.o ABSOLUTE
    _printf_s                                0x00000000   Number         0  stubs.o ABSOLUTE
    _printf_sizespec                         0x00000000   Number         0  stubs.o ABSOLUTE
    _printf_str                              0x00000000   Number         0  stubs.o ABSOLUTE
    _printf_truncate_signed                  0x00000000   Number         0  stubs.o ABSOLUTE
    _printf_truncate_unsigned                0x00000000   Number         0  stubs.o ABSOLUTE
    _printf_u                                0x00000000   Number         0  stubs.o ABSOLUTE
    _printf_wc                               0x00000000   Number         0  stubs.o ABSOLUTE
    _printf_wctomb                           0x00000000   Number         0  stubs.o ABSOLUTE
    _printf_widthprec                        0x00000000   Number         0  stubs.o ABSOLUTE
    _printf_x                                0x00000000   Number         0  stubs.o ABSOLUTE
    __cpp_initialize__aeabi_                  - Undefined Weak Reference
    __cxa_finalize                            - Undefined Weak Reference
    __decompress                              - Undefined Weak Reference
    _clock_init                               - Undefined Weak Reference
    _microlib_exit                            - Undefined Weak Reference
    __Vectors_Size                           0x00000188   Number         0  startup_stm32f40_41xxx.o ABSOLUTE
    __Vectors                                0x08000000   Data           4  startup_stm32f40_41xxx.o(RESET)
    __Vectors_End                            0x08000188   Data           0  startup_stm32f40_41xxx.o(RESET)
    __main                                   0x08000189   Thumb Code     0  entry.o(.ARM.Collect$$$$00000000)
    _main_stk                                0x08000189   Thumb Code     0  entry2.o(.ARM.Collect$$$$00000001)
    _main_scatterload                        0x0800018d   Thumb Code     0  entry5.o(.ARM.Collect$$$$00000004)
    __main_after_scatterload                 0x08000191   Thumb Code     0  entry5.o(.ARM.Collect$$$$00000004)
    _main_clock                              0x08000191   Thumb Code     0  entry7b.o(.ARM.Collect$$$$00000008)
    _main_cpp_init                           0x08000191   Thumb Code     0  entry8b.o(.ARM.Collect$$$$0000000A)
    _main_init                               0x08000191   Thumb Code     0  entry9a.o(.ARM.Collect$$$$0000000B)
    __rt_final_cpp                           0x08000199   Thumb Code     0  entry10a.o(.ARM.Collect$$$$0000000D)
    __rt_final_exit                          0x08000199   Thumb Code     0  entry11a.o(.ARM.Collect$$$$0000000F)
    SVC_Handler                              0x0800019d   Thumb Code    28  port.o(.emb_text)
    __asm___6_port_c_39a90d8d__prvStartFirstTask 0x080001bd   Thumb Code    28  port.o(.emb_text)
    __asm___6_port_c_39a90d8d__prvEnableVFP  0x080001dd   Thumb Code    16  port.o(.emb_text)
    PendSV_Handler                           0x080001f1   Thumb Code    88  port.o(.emb_text)
    vPortGetIPSR                             0x0800024d   Thumb Code     6  port.o(.emb_text)
    Reset_Handler                            0x08000255   Thumb Code     8  startup_stm32f40_41xxx.o(.text)
    NMI_Handler                              0x0800025d   Thumb Code     2  startup_stm32f40_41xxx.o(.text)
    HardFault_Handler                        0x0800025f   Thumb Code     2  startup_stm32f40_41xxx.o(.text)
    MemManage_Handler                        0x08000261   Thumb Code     2  startup_stm32f40_41xxx.o(.text)
    BusFault_Handler                         0x08000263   Thumb Code     2  startup_stm32f40_41xxx.o(.text)
    UsageFault_Handler                       0x08000265   Thumb Code     2  startup_stm32f40_41xxx.o(.text)
    DebugMon_Handler                         0x08000269   Thumb Code     2  startup_stm32f40_41xxx.o(.text)
    ADC_IRQHandler                           0x0800026f   Thumb Code     0  startup_stm32f40_41xxx.o(.text)
    CAN1_RX0_IRQHandler                      0x0800026f   Thumb Code     0  startup_stm32f40_41xxx.o(.text)
    CAN1_RX1_IRQHandler                      0x0800026f   Thumb Code     0  startup_stm32f40_41xxx.o(.text)
    CAN1_SCE_IRQHandler                      0x0800026f   Thumb Code     0  startup_stm32f40_41xxx.o(.text)
    CAN1_TX_IRQHandler                       0x0800026f   Thumb Code     0  startup_stm32f40_41xxx.o(.text)
    CAN2_RX0_IRQHandler                      0x0800026f   Thumb Code     0  startup_stm32f40_41xxx.o(.text)
    CAN2_RX1_IRQHandler                      0x0800026f   Thumb Code     0  startup_stm32f40_41xxx.o(.text)
    CAN2_SCE_IRQHandler                      0x0800026f   Thumb Code     0  startup_stm32f40_41xxx.o(.text)
    CAN2_TX_IRQHandler                       0x0800026f   Thumb Code     0  startup_stm32f40_41xxx.o(.text)
    CRYP_IRQHandler                          0x0800026f   Thumb Code     0  startup_stm32f40_41xxx.o(.text)
    DCMI_IRQHandler                          0x0800026f   Thumb Code     0  startup_stm32f40_41xxx.o(.text)
    DMA1_Stream0_IRQHandler                  0x0800026f   Thumb Code     0  startup_stm32f40_41xxx.o(.text)
    DMA1_Stream1_IRQHandler                  0x0800026f   Thumb Code     0  startup_stm32f40_41xxx.o(.text)
    DMA1_Stream2_IRQHandler                  0x0800026f   Thumb Code     0  startup_stm32f40_41xxx.o(.text)
    DMA1_Stream3_IRQHandler                  0x0800026f   Thumb Code     0  startup_stm32f40_41xxx.o(.text)
    DMA1_Stream4_IRQHandler                  0x0800026f   Thumb Code     0  startup_stm32f40_41xxx.o(.text)
    DMA1_Stream5_IRQHandler                  0x0800026f   Thumb Code     0  startup_stm32f40_41xxx.o(.text)
    DMA1_Stream6_IRQHandler                  0x0800026f   Thumb Code     0  startup_stm32f40_41xxx.o(.text)
    DMA1_Stream7_IRQHandler                  0x0800026f   Thumb Code     0  startup_stm32f40_41xxx.o(.text)
    DMA2_Stream0_IRQHandler                  0x0800026f   Thumb Code     0  startup_stm32f40_41xxx.o(.text)
    DMA2_Stream1_IRQHandler                  0x0800026f   Thumb Code     0  startup_stm32f40_41xxx.o(.text)
    DMA2_Stream2_IRQHandler                  0x0800026f   Thumb Code     0  startup_stm32f40_41xxx.o(.text)
    DMA2_Stream3_IRQHandler                  0x0800026f   Thumb Code     0  startup_stm32f40_41xxx.o(.text)
    DMA2_Stream4_IRQHandler                  0x0800026f   Thumb Code     0  startup_stm32f40_41xxx.o(.text)
    DMA2_Stream5_IRQHandler                  0x0800026f   Thumb Code     0  startup_stm32f40_41xxx.o(.text)
    DMA2_Stream6_IRQHandler                  0x0800026f   Thumb Code     0  startup_stm32f40_41xxx.o(.text)
    DMA2_Stream7_IRQHandler                  0x0800026f   Thumb Code     0  startup_stm32f40_41xxx.o(.text)
    ETH_IRQHandler                           0x0800026f   Thumb Code     0  startup_stm32f40_41xxx.o(.text)
    ETH_WKUP_IRQHandler                      0x0800026f   Thumb Code     0  startup_stm32f40_41xxx.o(.text)
    EXTI0_IRQHandler                         0x0800026f   Thumb Code     0  startup_stm32f40_41xxx.o(.text)
    EXTI15_10_IRQHandler                     0x0800026f   Thumb Code     0  startup_stm32f40_41xxx.o(.text)
    EXTI1_IRQHandler                         0x0800026f   Thumb Code     0  startup_stm32f40_41xxx.o(.text)
    EXTI2_IRQHandler                         0x0800026f   Thumb Code     0  startup_stm32f40_41xxx.o(.text)
    EXTI3_IRQHandler                         0x0800026f   Thumb Code     0  startup_stm32f40_41xxx.o(.text)
    EXTI4_IRQHandler                         0x0800026f   Thumb Code     0  startup_stm32f40_41xxx.o(.text)
    EXTI9_5_IRQHandler                       0x0800026f   Thumb Code     0  startup_stm32f40_41xxx.o(.text)
    FLASH_IRQHandler                         0x0800026f   Thumb Code     0  startup_stm32f40_41xxx.o(.text)
    FPU_IRQHandler                           0x0800026f   Thumb Code     0  startup_stm32f40_41xxx.o(.text)
    FSMC_IRQHandler                          0x0800026f   Thumb Code     0  startup_stm32f40_41xxx.o(.text)
    HASH_RNG_IRQHandler                      0x0800026f   Thumb Code     0  startup_stm32f40_41xxx.o(.text)
    I2C1_ER_IRQHandler                       0x0800026f   Thumb Code     0  startup_stm32f40_41xxx.o(.text)
    I2C1_EV_IRQHandler                       0x0800026f   Thumb Code     0  startup_stm32f40_41xxx.o(.text)
    I2C2_ER_IRQHandler                       0x0800026f   Thumb Code     0  startup_stm32f40_41xxx.o(.text)
    I2C2_EV_IRQHandler                       0x0800026f   Thumb Code     0  startup_stm32f40_41xxx.o(.text)
    I2C3_ER_IRQHandler                       0x0800026f   Thumb Code     0  startup_stm32f40_41xxx.o(.text)
    I2C3_EV_IRQHandler                       0x0800026f   Thumb Code     0  startup_stm32f40_41xxx.o(.text)
    OTG_FS_IRQHandler                        0x0800026f   Thumb Code     0  startup_stm32f40_41xxx.o(.text)
    OTG_FS_WKUP_IRQHandler                   0x0800026f   Thumb Code     0  startup_stm32f40_41xxx.o(.text)
    OTG_HS_EP1_IN_IRQHandler                 0x0800026f   Thumb Code     0  startup_stm32f40_41xxx.o(.text)
    OTG_HS_EP1_OUT_IRQHandler                0x0800026f   Thumb Code     0  startup_stm32f40_41xxx.o(.text)
    OTG_HS_IRQHandler                        0x0800026f   Thumb Code     0  startup_stm32f40_41xxx.o(.text)
    OTG_HS_WKUP_IRQHandler                   0x0800026f   Thumb Code     0  startup_stm32f40_41xxx.o(.text)
    PVD_IRQHandler                           0x0800026f   Thumb Code     0  startup_stm32f40_41xxx.o(.text)
    RCC_IRQHandler                           0x0800026f   Thumb Code     0  startup_stm32f40_41xxx.o(.text)
    RTC_WKUP_IRQHandler                      0x0800026f   Thumb Code     0  startup_stm32f40_41xxx.o(.text)
    SDIO_IRQHandler                          0x0800026f   Thumb Code     0  startup_stm32f40_41xxx.o(.text)
    SPI1_IRQHandler                          0x0800026f   Thumb Code     0  startup_stm32f40_41xxx.o(.text)
    SPI2_IRQHandler                          0x0800026f   Thumb Code     0  startup_stm32f40_41xxx.o(.text)
    SPI3_IRQHandler                          0x0800026f   Thumb Code     0  startup_stm32f40_41xxx.o(.text)
    TAMP_STAMP_IRQHandler                    0x0800026f   Thumb Code     0  startup_stm32f40_41xxx.o(.text)
    TIM1_BRK_TIM9_IRQHandler                 0x0800026f   Thumb Code     0  startup_stm32f40_41xxx.o(.text)
    TIM1_CC_IRQHandler                       0x0800026f   Thumb Code     0  startup_stm32f40_41xxx.o(.text)
    TIM1_TRG_COM_TIM11_IRQHandler            0x0800026f   Thumb Code     0  startup_stm32f40_41xxx.o(.text)
    TIM1_UP_TIM10_IRQHandler                 0x0800026f   Thumb Code     0  startup_stm32f40_41xxx.o(.text)
    TIM2_IRQHandler                          0x0800026f   Thumb Code     0  startup_stm32f40_41xxx.o(.text)
    TIM3_IRQHandler                          0x0800026f   Thumb Code     0  startup_stm32f40_41xxx.o(.text)
    TIM4_IRQHandler                          0x0800026f   Thumb Code     0  startup_stm32f40_41xxx.o(.text)
    TIM5_IRQHandler                          0x0800026f   Thumb Code     0  startup_stm32f40_41xxx.o(.text)
    TIM6_DAC_IRQHandler                      0x0800026f   Thumb Code     0  startup_stm32f40_41xxx.o(.text)
    TIM7_IRQHandler                          0x0800026f   Thumb Code     0  startup_stm32f40_41xxx.o(.text)
    TIM8_BRK_TIM12_IRQHandler                0x0800026f   Thumb Code     0  startup_stm32f40_41xxx.o(.text)
    TIM8_CC_IRQHandler                       0x0800026f   Thumb Code     0  startup_stm32f40_41xxx.o(.text)
    TIM8_UP_TIM13_IRQHandler                 0x0800026f   Thumb Code     0  startup_stm32f40_41xxx.o(.text)
    UART4_IRQHandler                         0x0800026f   Thumb Code     0  startup_stm32f40_41xxx.o(.text)
    UART5_IRQHandler                         0x0800026f   Thumb Code     0  startup_stm32f40_41xxx.o(.text)
    USART6_IRQHandler                        0x0800026f   Thumb Code     0  startup_stm32f40_41xxx.o(.text)
    WWDG_IRQHandler                          0x0800026f   Thumb Code     0  startup_stm32f40_41xxx.o(.text)
    __aeabi_ldivmod                          0x08000279   Thumb Code    98  ldiv.o(.text)
    __aeabi_memcpy                           0x080002db   Thumb Code    36  memcpya.o(.text)
    __aeabi_memcpy4                          0x080002db   Thumb Code     0  memcpya.o(.text)
    __aeabi_memcpy8                          0x080002db   Thumb Code     0  memcpya.o(.text)
    __aeabi_memset                           0x080002ff   Thumb Code    14  memseta.o(.text)
    __aeabi_memset4                          0x080002ff   Thumb Code     0  memseta.o(.text)
    __aeabi_memset8                          0x080002ff   Thumb Code     0  memseta.o(.text)
    __aeabi_memclr                           0x0800030d   Thumb Code     4  memseta.o(.text)
    __aeabi_memclr4                          0x0800030d   Thumb Code     0  memseta.o(.text)
    __aeabi_memclr8                          0x0800030d   Thumb Code     0  memseta.o(.text)
    _memset$wrapper                          0x08000311   Thumb Code    18  memseta.o(.text)
    memcmp                                   0x08000323   Thumb Code    26  memcmp.o(.text)
    __aeabi_dadd                             0x0800033d   Thumb Code   322  dadd.o(.text)
    __aeabi_dsub                             0x0800047f   Thumb Code     6  dadd.o(.text)
    __aeabi_drsub                            0x08000485   Thumb Code     6  dadd.o(.text)
    __aeabi_dmul                             0x0800048b   Thumb Code   228  dmul.o(.text)
    __aeabi_ddiv                             0x0800056f   Thumb Code   222  ddiv.o(.text)
    __aeabi_f2d                              0x0800064d   Thumb Code    38  f2d.o(.text)
    __aeabi_d2f                              0x08000673   Thumb Code    56  d2f.o(.text)
    __aeabi_uidiv                            0x080006ab   Thumb Code     0  uidiv.o(.text)
    __aeabi_uidivmod                         0x080006ab   Thumb Code    44  uidiv.o(.text)
    __aeabi_uldivmod                         0x080006d7   Thumb Code    98  uldiv.o(.text)
    __aeabi_llsl                             0x08000739   Thumb Code    30  llshl.o(.text)
    _ll_shift_l                              0x08000739   Thumb Code     0  llshl.o(.text)
    __aeabi_lasr                             0x08000757   Thumb Code    36  llsshr.o(.text)
    _ll_sshift_r                             0x08000757   Thumb Code     0  llsshr.o(.text)
    __I$use$fp                               0x0800077b   Thumb Code     0  iusefp.o(.text)
    _float_round                             0x0800077b   Thumb Code    18  fepilogue.o(.text)
    _float_epilogue                          0x0800078d   Thumb Code    92  fepilogue.o(.text)
    _double_round                            0x080007e9   Thumb Code    30  depilogue.o(.text)
    _double_epilogue                         0x08000807   Thumb Code   156  depilogue.o(.text)
    __aeabi_d2ulz                            0x080008a3   Thumb Code    48  dfixul.o(.text)
    __aeabi_cdrcmple                         0x080008d5   Thumb Code    48  cdrcmple.o(.text)
    __scatterload                            0x08000905   Thumb Code    28  init.o(.text)
    __scatterload_rt2                        0x08000905   Thumb Code     0  init.o(.text)
    __aeabi_llsr                             0x08000929   Thumb Code    32  llushr.o(.text)
    _ll_ushift_r                             0x08000929   Thumb Code     0  llushr.o(.text)
    _dsqrt                                   0x08000949   Thumb Code   162  dsqrt.o(.text)
    EXTI_ClearITPendingBit                   0x0800103d   Thumb Code     6  stm32f4xx_exti.o(i.EXTI_ClearITPendingBit)
    EXTI_Init                                0x08001049   Thumb Code   108  stm32f4xx_exti.o(i.EXTI_Init)
    GPIO_Init                                0x080010b9   Thumb Code   120  stm32f4xx_gpio.o(i.GPIO_Init)
    GPIO_PinAFConfig                         0x08001131   Thumb Code    32  stm32f4xx_gpio.o(i.GPIO_PinAFConfig)
    GPIO_ReadInputDataBit                    0x08001151   Thumb Code    14  stm32f4xx_gpio.o(i.GPIO_ReadInputDataBit)
    GPIO_ResetBits                           0x0800115f   Thumb Code     4  stm32f4xx_gpio.o(i.GPIO_ResetBits)
    GPIO_SetBits                             0x08001163   Thumb Code     4  stm32f4xx_gpio.o(i.GPIO_SetBits)
    GPIO_ToggleBits                          0x08001167   Thumb Code     8  stm32f4xx_gpio.o(i.GPIO_ToggleBits)
    GPIO_WriteBit                            0x0800116f   Thumb Code    10  stm32f4xx_gpio.o(i.GPIO_WriteBit)
    IIC2_Init                                0x08001179   Thumb Code    46  iic2.o(i.IIC2_Init)
    IIC2_ReadAck                             0x080011ad   Thumb Code    72  iic2.o(i.IIC2_ReadAck)
    IIC2_ReadByte                            0x080011f9   Thumb Code   104  iic2.o(i.IIC2_ReadByte)
    IIC2_Start                               0x08001299   Thumb Code    70  iic2.o(i.IIC2_Start)
    IIC2_Stop                                0x080012e5   Thumb Code    72  iic2.o(i.IIC2_Stop)
    IIC2_WriteAck                            0x08001331   Thumb Code    78  iic2.o(i.IIC2_WriteAck)
    IIC2_WriteByte                           0x08001385   Thumb Code   108  iic2.o(i.IIC2_WriteByte)
    IIC_Init                                 0x080013f5   Thumb Code    44  iic.o(i.IIC_Init)
    IIC_ReadAck                              0x08001425   Thumb Code    70  iic.o(i.IIC_ReadAck)
    IIC_Start                                0x080014a5   Thumb Code    66  iic.o(i.IIC_Start)
    IIC_Stop                                 0x080014ed   Thumb Code    66  iic.o(i.IIC_Stop)
    IIC_WriteByte                            0x08001535   Thumb Code    98  iic.o(i.IIC_WriteByte)
    LED_Control                              0x0800159d   Thumb Code    56  led.o(i.LED_Control)
    LED_Init                                 0x080015dd   Thumb Code    94  led.o(i.LED_Init)
    MPU_Get_Accelerometer                    0x08001645   Thumb Code    50  mpu6050.o(i.MPU_Get_Accelerometer)
    MPU_Read_Byte                            0x08001677   Thumb Code    62  mpu6050.o(i.MPU_Read_Byte)
    MPU_Read_Len                             0x080016b5   Thumb Code   114  mpu6050.o(i.MPU_Read_Len)
    MPU_Write_Len                            0x08001727   Thumb Code    82  mpu6050.o(i.MPU_Write_Len)
    NVIC_Init                                0x08001779   Thumb Code    96  misc.o(i.NVIC_Init)
    OLED_Fill                                0x080017dd   Thumb Code    54  oled.o(i.OLED_Fill)
    OLED_Init                                0x08001813   Thumb Code   180  oled.o(i.OLED_Init)
    OLED_OFF                                 0x080018c7   Thumb Code    24  oled.o(i.OLED_OFF)
    OLED_ON                                  0x080018df   Thumb Code    24  oled.o(i.OLED_ON)
    OLED_SetPos                              0x080018f7   Thumb Code    38  oled.o(i.OLED_SetPos)
    OLED_ShowChar                            0x0800191d   Thumb Code    42  oled.o(i.OLED_ShowChar)
    OLED_ShowLChar                           0x0800194d   Thumb Code    46  oled.o(i.OLED_ShowLChar)
    OLED_Write                               0x0800197b   Thumb Code    78  oled.o(i.OLED_Write)
    OLED_WriteCmd                            0x080019c9   Thumb Code     8  oled.o(i.OLED_WriteCmd)
    OLED_WriteDat                            0x080019d1   Thumb Code     8  oled.o(i.OLED_WriteDat)
    PWR_BackupAccessCmd                      0x080019d9   Thumb Code     6  stm32f4xx_pwr.o(i.PWR_BackupAccessCmd)
    RCC_AHB1PeriphClockCmd                   0x080019e5   Thumb Code    18  stm32f4xx_rcc.o(i.RCC_AHB1PeriphClockCmd)
    RCC_APB1PeriphClockCmd                   0x080019fd   Thumb Code    18  stm32f4xx_rcc.o(i.RCC_APB1PeriphClockCmd)
    RCC_APB2PeriphClockCmd                   0x08001a15   Thumb Code    18  stm32f4xx_rcc.o(i.RCC_APB2PeriphClockCmd)
    RCC_GetClocksFreq                        0x08001a2d   Thumb Code   132  stm32f4xx_rcc.o(i.RCC_GetClocksFreq)
    RCC_GetFlagStatus                        0x08001abd   Thumb Code    46  stm32f4xx_rcc.o(i.RCC_GetFlagStatus)
    RCC_LSEConfig                            0x08001af1   Thumb Code    22  stm32f4xx_rcc.o(i.RCC_LSEConfig)
    RCC_RTCCLKCmd                            0x08001b0d   Thumb Code     6  stm32f4xx_rcc.o(i.RCC_RTCCLKCmd)
    RCC_RTCCLKConfig                         0x08001b19   Thumb Code    40  stm32f4xx_rcc.o(i.RCC_RTCCLKConfig)
    RTC_AlarmCmd                             0x08001b49   Thumb Code    78  stm32f4xx_rtc.o(i.RTC_AlarmCmd)
    RTC_Alarm_IRQHandler                     0x08001b9d   Thumb Code    62  rtc.o(i.RTC_Alarm_IRQHandler)
    RTC_Config                               0x08001c0b   Thumb Code   168  rtc.o(i.RTC_Config)
    RTC_EnterInitMode                        0x08001cb5   Thumb Code    56  stm32f4xx_rtc.o(i.RTC_EnterInitMode)
    RTC_ExitInitMode                         0x08001cf1   Thumb Code    12  stm32f4xx_rtc.o(i.RTC_ExitInitMode)
    RTC_GetAlarm                             0x08001d01   Thumb Code   102  stm32f4xx_rtc.o(i.RTC_GetAlarm)
    RTC_GetDate                              0x08001d6d   Thumb Code    66  stm32f4xx_rtc.o(i.RTC_GetDate)
    RTC_GetTime                              0x08001db9   Thumb Code    70  stm32f4xx_rtc.o(i.RTC_GetTime)
    RTC_ITConfig                             0x08001e09   Thumb Code    60  stm32f4xx_rtc.o(i.RTC_ITConfig)
    RTC_Init                                 0x08001e49   Thumb Code    74  stm32f4xx_rtc.o(i.RTC_Init)
    RTC_ReadBackupRegister                   0x08001e99   Thumb Code    14  stm32f4xx_rtc.o(i.RTC_ReadBackupRegister)
    RTC_SetAlarm                             0x08001ead   Thumb Code   158  stm32f4xx_rtc.o(i.RTC_SetAlarm)
    RTC_SetAlarm_A                           0x08001f51   Thumb Code   178  rtc.o(i.RTC_SetAlarm_A)
    RTC_SetDate                              0x08002009   Thumb Code   144  stm32f4xx_rtc.o(i.RTC_SetDate)
    RTC_SetTime                              0x080020a1   Thumb Code   150  stm32f4xx_rtc.o(i.RTC_SetTime)
    RTC_WaitForSynchro                       0x08002141   Thumb Code    70  stm32f4xx_rtc.o(i.RTC_WaitForSynchro)
    RTC_WriteBackupRegister                  0x0800218d   Thumb Code    14  stm32f4xx_rtc.o(i.RTC_WriteBackupRegister)
    RTOS_Delay_ms                            0x080021a1   Thumb Code     4  port.o(i.RTOS_Delay_ms)
    RTOS_Delay_us                            0x080021a5   Thumb Code    46  port.o(i.RTOS_Delay_us)
    SysTick_Handler                          0x0800228d   Thumb Code    20  port.o(i.SysTick_Handler)
    SystemInit                               0x080022a1   Thumb Code    74  system_stm32f4xx.o(i.SystemInit)
    TIM8_TRG_COM_TIM14_IRQHandler            0x080022fd   Thumb Code   108  timer.o(i.TIM8_TRG_COM_TIM14_IRQHandler)
    USART1_Config                            0x08002379   Thumb Code   404  usart.o(i.USART1_Config)
    USART1_IRQHandler                        0x08002521   Thumb Code    34  usart.o(i.USART1_IRQHandler)
    USART2_IRQHandler                        0x08002549   Thumb Code   106  main.o(i.USART2_IRQHandler)
    USART2_SendString                        0x080025bd   Thumb Code    24  usart.o(i.USART2_SendString)
    USART3_IRQHandler                        0x080025d9   Thumb Code    64  usart.o(i.USART3_IRQHandler)
    USART_Cmd                                0x0800261d   Thumb Code    20  stm32f4xx_usart.o(i.USART_Cmd)
    USART_ITConfig                           0x08002631   Thumb Code    48  stm32f4xx_usart.o(i.USART_ITConfig)
    USART_Init                               0x08002661   Thumb Code   164  stm32f4xx_usart.o(i.USART_Init)
    __0printf                                0x0800270d   Thumb Code    22  printfa.o(i.__0printf)
    __1printf                                0x0800270d   Thumb Code     0  printfa.o(i.__0printf)
    __2printf                                0x0800270d   Thumb Code     0  printfa.o(i.__0printf)
    __c89printf                              0x0800270d   Thumb Code     0  printfa.o(i.__0printf)
    printf                                   0x0800270d   Thumb Code     0  printfa.o(i.__0printf)
    __0sprintf                               0x0800272d   Thumb Code    34  printfa.o(i.__0sprintf)
    __1sprintf                               0x0800272d   Thumb Code     0  printfa.o(i.__0sprintf)
    __2sprintf                               0x0800272d   Thumb Code     0  printfa.o(i.__0sprintf)
    __c89sprintf                             0x0800272d   Thumb Code     0  printfa.o(i.__0sprintf)
    sprintf                                  0x0800272d   Thumb Code     0  printfa.o(i.__0sprintf)
    __ARM_fpclassify                         0x08002755   Thumb Code    48  fpclassify.o(i.__ARM_fpclassify)
    __hardfp_asin                            0x08002789   Thumb Code   770  asin.o(i.__hardfp_asin)
    __hardfp_atan                            0x08002ae9   Thumb Code   622  atan.o(i.__hardfp_atan)
    __hardfp_atan2                           0x08002dc1   Thumb Code   432  atan2.o(i.__hardfp_atan2)
    __kernel_poly                            0x08002fb1   Thumb Code   248  poly.o(i.__kernel_poly)
    __mathlib_dbl_infnan                     0x080030a9   Thumb Code    20  dunder.o(i.__mathlib_dbl_infnan)
    __mathlib_dbl_infnan2                    0x080030bd   Thumb Code    20  dunder.o(i.__mathlib_dbl_infnan2)
    __mathlib_dbl_invalid                    0x080030d1   Thumb Code    24  dunder.o(i.__mathlib_dbl_invalid)
    __mathlib_dbl_underflow                  0x080030f1   Thumb Code    24  dunder.o(i.__mathlib_dbl_underflow)
    __scatterload_copy                       0x08003111   Thumb Code    14  handlers.o(i.__scatterload_copy)
    __scatterload_null                       0x0800311f   Thumb Code     2  handlers.o(i.__scatterload_null)
    __scatterload_zeroinit                   0x08003121   Thumb Code    14  handlers.o(i.__scatterload_zeroinit)
    __set_errno                              0x08003131   Thumb Code     6  errno.o(i.__set_errno)
    atan                                     0x08003a89   Thumb Code    16  atan.o(i.atan)
    dmp_enable_6x_lp_quat                    0x08003a99   Thumb Code    58  inv_mpu_dmp_motion_driver.o(i.dmp_enable_6x_lp_quat)
    dmp_enable_feature                       0x08003ad5   Thumb Code   468  inv_mpu_dmp_motion_driver.o(i.dmp_enable_feature)
    dmp_enable_gyro_cal                      0x08003cb1   Thumb Code    32  inv_mpu_dmp_motion_driver.o(i.dmp_enable_gyro_cal)
    dmp_enable_lp_quat                       0x08003ce9   Thumb Code    58  inv_mpu_dmp_motion_driver.o(i.dmp_enable_lp_quat)
    dmp_get_pedometer_step_count             0x08003d23   Thumb Code    48  inv_mpu_dmp_motion_driver.o(i.dmp_get_pedometer_step_count)
    dmp_load_motion_driver_firmware          0x08003d55   Thumb Code    16  inv_mpu_dmp_motion_driver.o(i.dmp_load_motion_driver_firmware)
    dmp_read_fifo                            0x08003d69   Thumb Code   328  inv_mpu_dmp_motion_driver.o(i.dmp_read_fifo)
    dmp_set_accel_bias                       0x08003eb5   Thumb Code   210  inv_mpu_dmp_motion_driver.o(i.dmp_set_accel_bias)
    dmp_set_fifo_rate                        0x08003f8d   Thumb Code    82  inv_mpu_dmp_motion_driver.o(i.dmp_set_fifo_rate)
    dmp_set_gyro_bias                        0x08003ff1   Thumb Code   196  inv_mpu_dmp_motion_driver.o(i.dmp_set_gyro_bias)
    dmp_set_orientation                      0x080040bd   Thumb Code   246  inv_mpu_dmp_motion_driver.o(i.dmp_set_orientation)
    dmp_set_shake_reject_thresh              0x080041c9   Thumb Code    48  inv_mpu_dmp_motion_driver.o(i.dmp_set_shake_reject_thresh)
    dmp_set_shake_reject_time                0x080041f9   Thumb Code    32  inv_mpu_dmp_motion_driver.o(i.dmp_set_shake_reject_time)
    dmp_set_shake_reject_timeout             0x08004219   Thumb Code    32  inv_mpu_dmp_motion_driver.o(i.dmp_set_shake_reject_timeout)
    dmp_set_tap_axes                         0x08004239   Thumb Code    64  inv_mpu_dmp_motion_driver.o(i.dmp_set_tap_axes)
    dmp_set_tap_count                        0x08004279   Thumb Code    34  inv_mpu_dmp_motion_driver.o(i.dmp_set_tap_count)
    dmp_set_tap_thresh                       0x0800429d   Thumb Code   314  inv_mpu_dmp_motion_driver.o(i.dmp_set_tap_thresh)
    dmp_set_tap_time                         0x080043fd   Thumb Code    32  inv_mpu_dmp_motion_driver.o(i.dmp_set_tap_time)
    dmp_set_tap_time_multi                   0x0800441d   Thumb Code    32  inv_mpu_dmp_motion_driver.o(i.dmp_set_tap_time_multi)
    fabs                                     0x0800443d   Thumb Code    24  fabs.o(i.fabs)
    fputc                                    0x08004455   Thumb Code    14  usart.o(i.fputc)
    inv_orientation_matrix_to_scalar         0x08004905   Thumb Code    34  inv_mpu.o(i.inv_orientation_matrix_to_scalar)
    inv_row_2_scale                          0x08004927   Thumb Code    72  inv_mpu.o(i.inv_row_2_scale)
    main                                     0x08004971   Thumb Code   134  main.o(i.main)
    max30102_Bus_Read                        0x08004a39   Thumb Code    76  max30102.o(i.max30102_Bus_Read)
    max30102_Bus_Write                       0x08004a85   Thumb Code    62  max30102.o(i.max30102_Bus_Write)
    max30102_FIFO_ReadBytes                  0x08004ac3   Thumb Code   146  max30102.o(i.max30102_FIFO_ReadBytes)
    max30102_init                            0x08004b55   Thumb Code   124  max30102.o(i.max30102_init)
    max30102_reset                           0x08004bd5   Thumb Code    22  max30102.o(i.max30102_reset)
    maxim_find_peaks                         0x08004beb   Thumb Code    50  max30102.o(i.maxim_find_peaks)
    maxim_heart_rate_and_oxygen_saturation   0x08004c1d   Thumb Code   878  max30102.o(i.maxim_heart_rate_and_oxygen_saturation)
    maxim_peaks_above_min_height             0x08004fa1   Thumb Code   102  max30102.o(i.maxim_peaks_above_min_height)
    maxim_remove_close_peaks                 0x08005007   Thumb Code   102  max30102.o(i.maxim_remove_close_peaks)
    maxim_sort_ascend                        0x0800506d   Thumb Code    48  max30102.o(i.maxim_sort_ascend)
    maxim_sort_indices_descend               0x0800509d   Thumb Code    56  max30102.o(i.maxim_sort_indices_descend)
    mget_ms                                  0x080050d5   Thumb Code     2  inv_mpu.o(i.mget_ms)
    mpu_configure_fifo                       0x080050d9   Thumb Code    84  inv_mpu.o(i.mpu_configure_fifo)
    mpu_dmp_get_data                         0x08005131   Thumb Code   344  inv_mpu.o(i.mpu_dmp_get_data)
    mpu_dmp_init                             0x08005295   Thumb Code   162  inv_mpu.o(i.mpu_dmp_init)
    mpu_get_accel_fsr                        0x0800533d   Thumb Code    54  inv_mpu.o(i.mpu_get_accel_fsr)
    mpu_get_accel_sens                       0x08005379   Thumb Code    62  inv_mpu.o(i.mpu_get_accel_sens)
    mpu_get_gyro_fsr                         0x080053bd   Thumb Code    48  inv_mpu.o(i.mpu_get_gyro_fsr)
    mpu_get_gyro_sens                        0x080053f1   Thumb Code    54  inv_mpu.o(i.mpu_get_gyro_sens)
    mpu_get_lpf                              0x0800543d   Thumb Code    52  inv_mpu.o(i.mpu_get_lpf)
    mpu_get_sample_rate                      0x08005475   Thumb Code    22  inv_mpu.o(i.mpu_get_sample_rate)
    mpu_init                                 0x08005491   Thumb Code   310  inv_mpu.o(i.mpu_init)
    mpu_load_firmware                        0x08005619   Thumb Code   158  inv_mpu.o(i.mpu_load_firmware)
    mpu_lp_accel_mode                        0x080056bd   Thumb Code   178  inv_mpu.o(i.mpu_lp_accel_mode)
    mpu_read_fifo_stream                     0x08005775   Thumb Code   140  inv_mpu.o(i.mpu_read_fifo_stream)
    mpu_read_mem                             0x08005805   Thumb Code    80  inv_mpu.o(i.mpu_read_mem)
    mpu_reset_fifo                           0x08005859   Thumb Code   344  inv_mpu.o(i.mpu_reset_fifo)
    mpu_run_self_test                        0x080059b5   Thumb Code   234  inv_mpu.o(i.mpu_run_self_test)
    mpu_set_accel_fsr                        0x08005aa5   Thumb Code    98  inv_mpu.o(i.mpu_set_accel_fsr)
    mpu_set_bypass                           0x08005b0d   Thumb Code   214  inv_mpu.o(i.mpu_set_bypass)
    mpu_set_dmp_state                        0x08005be9   Thumb Code   114  inv_mpu.o(i.mpu_set_dmp_state)
    mpu_set_gyro_fsr                         0x08005c61   Thumb Code   104  inv_mpu.o(i.mpu_set_gyro_fsr)
    mpu_set_int_latched                      0x08005ccd   Thumb Code    94  inv_mpu.o(i.mpu_set_int_latched)
    mpu_set_lpf                              0x08005d31   Thumb Code   102  inv_mpu.o(i.mpu_set_lpf)
    mpu_set_sample_rate                      0x08005d9d   Thumb Code   116  inv_mpu.o(i.mpu_set_sample_rate)
    mpu_set_sensors                          0x08005e15   Thumb Code   178  inv_mpu.o(i.mpu_set_sensors)
    mpu_write_mem                            0x08005ecd   Thumb Code    80  inv_mpu.o(i.mpu_write_mem)
    pvPortMalloc                             0x080067d9   Thumb Code   214  heap_4.o(i.pvPortMalloc)
    pvTaskIncrementMutexHeldCount            0x080068e9   Thumb Code    18  tasks.o(i.pvTaskIncrementMutexHeldCount)
    pxPortInitialiseStack                    0x08006901   Thumb Code    40  port.o(i.pxPortInitialiseStack)
    run_self_test                            0x0800692d   Thumb Code   136  inv_mpu.o(i.run_self_test)
    sqrt                                     0x08006a09   Thumb Code   110  sqrt.o(i.sqrt)
    uxListRemove                             0x08006a77   Thumb Code    36  list.o(i.uxListRemove)
    vListInitialise                          0x08006a9b   Thumb Code    22  list.o(i.vListInitialise)
    vListInitialiseItem                      0x08006ab1   Thumb Code     6  list.o(i.vListInitialiseItem)
    vListInsert                              0x08006ab7   Thumb Code    48  list.o(i.vListInsert)
    vListInsertEnd                           0x08006ae7   Thumb Code    24  list.o(i.vListInsertEnd)
    vPortEnterCritical                       0x08006b01   Thumb Code    50  port.o(i.vPortEnterCritical)
    vPortExitCritical                        0x08006b75   Thumb Code    34  port.o(i.vPortExitCritical)
    vPortFree                                0x08006bd5   Thumb Code    94  heap_4.o(i.vPortFree)
    vPortSetupTimerInterrupt                 0x08006c6d   Thumb Code    14  port.o(i.vPortSetupTimerInterrupt)
    vPortValidateInterruptPriority           0x08006c81   Thumb Code    70  port.o(i.vPortValidateInterruptPriority)
    vQueueAddToRegistry                      0x08006d09   Thumb Code    32  queue.o(i.vQueueAddToRegistry)
    vQueueWaitForMessageRestricted           0x08006d2d   Thumb Code    68  queue.o(i.vQueueWaitForMessageRestricted)
    vTaskDelay                               0x08006d71   Thumb Code    62  tasks.o(i.vTaskDelay)
    vTaskMissedYield                         0x08006de1   Thumb Code     8  tasks.o(i.vTaskMissedYield)
    vTaskPlaceOnEventList                    0x08006ded   Thumb Code    44  tasks.o(i.vTaskPlaceOnEventList)
    vTaskPlaceOnEventListRestricted          0x08006e45   Thumb Code    52  tasks.o(i.vTaskPlaceOnEventListRestricted)
    vTaskPriorityInherit                     0x08006ea5   Thumb Code   124  tasks.o(i.vTaskPriorityInherit)
    vTaskResume                              0x08006f29   Thumb Code   112  tasks.o(i.vTaskResume)
    vTaskSetTimeOutState                     0x08006fcd   Thumb Code    30  tasks.o(i.vTaskSetTimeOutState)
    vTaskStartScheduler                      0x08007019   Thumb Code    96  tasks.o(i.vTaskStartScheduler)
    vTaskSuspend                             0x080070b1   Thumb Code   154  tasks.o(i.vTaskSuspend)
    vTaskSuspendAll                          0x08007185   Thumb Code    10  tasks.o(i.vTaskSuspendAll)
    vTaskSwitchContext                       0x08007195   Thumb Code    80  tasks.o(i.vTaskSwitchContext)
    xPortStartScheduler                      0x08007215   Thumb Code   196  port.o(i.xPortStartScheduler)
    xPortSysTickHandler                      0x08007325   Thumb Code    38  port.o(i.xPortSysTickHandler)
    xQueueCreateMutex                        0x08007351   Thumb Code    36  queue.o(i.xQueueCreateMutex)
    xQueueGenericCreate                      0x08007375   Thumb Code    72  queue.o(i.xQueueGenericCreate)
    xQueueGenericReceive                     0x080073e5   Thumb Code   348  queue.o(i.xQueueGenericReceive)
    xQueueGenericReset                       0x0800756d   Thumb Code   128  queue.o(i.xQueueGenericReset)
    xQueueGenericSend                        0x08007619   Thumb Code   350  queue.o(i.xQueueGenericSend)
    xQueueGenericSendFromISR                 0x080077a5   Thumb Code   188  queue.o(i.xQueueGenericSendFromISR)
    xTaskCheckForTimeOut                     0x08007889   Thumb Code    94  tasks.o(i.xTaskCheckForTimeOut)
    xTaskCreate                              0x08007915   Thumb Code    86  tasks.o(i.xTaskCreate)
    xTaskGetSchedulerState                   0x0800796d   Thumb Code    22  tasks.o(i.xTaskGetSchedulerState)
    xTaskGetTickCount                        0x08007989   Thumb Code     6  tasks.o(i.xTaskGetTickCount)
    xTaskIncrementTick                       0x08007995   Thumb Code   188  tasks.o(i.xTaskIncrementTick)
    xTaskPriorityDisinherit                  0x08007a81   Thumb Code   136  tasks.o(i.xTaskPriorityDisinherit)
    xTaskRemoveFromEventList                 0x08007b39   Thumb Code   102  tasks.o(i.xTaskRemoveFromEventList)
    xTaskResumeAll                           0x08007bd5   Thumb Code   180  tasks.o(i.xTaskResumeAll)
    xTimerCreate                             0x08007cbd   Thumb Code    74  timers.o(i.xTimerCreate)
    xTimerCreateTimerTask                    0x08007d35   Thumb Code    58  timers.o(i.xTimerCreateTimerTask)
    xTimerGenericCommand                     0x08007dad   Thumb Code    98  timers.o(i.xTimerGenericCommand)
    F6x8                                     0x08007e40   Data         576  oled.o(.constdata)
    reg                                      0x08008080   Data          27  inv_mpu.o(.constdata)
    hw                                       0x0800809c   Data          12  inv_mpu.o(.constdata)
    test                                     0x080080a8   Data          40  inv_mpu.o(.constdata)
    auw_hamm                                 0x08008cc6   Data          62  max30102.o(.constdata)
    uch_spo2_table                           0x08008d04   Data         184  max30102.o(.constdata)
    __mathlib_zero                           0x08008ea8   Data           8  qnan.o(.constdata)
    Region$$Table$$Base                      0x08008f00   Number         0  anon$$obj.o(Region$$Table)
    Region$$Table$$Limit                     0x08008f30   Number         0  anon$$obj.o(Region$$Table)
    aun_ir_buffer                            0x10000000   Data        2000  main.o(.bss)
    aun_red_buffer                           0x100007d0   Data        2000  main.o(.bss)
    __initial_sp                             0x10002de8   Data           0  startup_stm32f40_41xxx.o(STACK)
    ch_spo2_valid                            0x20000000   Data           1  main.o(.data)
    ch_hr_valid                              0x20000001   Data           1  main.o(.data)
    flagi                                    0x20000014   Data           4  main.o(.data)
    hour                                     0x20000018   Data           4  main.o(.data)
    minute                                   0x2000001c   Data           4  main.o(.data)
    second                                   0x20000020   Data           4  main.o(.data)
    n_ir_buffer_length                       0x20000024   Data           4  main.o(.data)
    n_sp02                                   0x20000028   Data           4  main.o(.data)
    n_heart_rate                             0x2000002c   Data           4  main.o(.data)
    xMutex                                   0x20000030   Data           4  main.o(.data)
    setclock2                                0x20000034   Data           7  main.o(.data)
    pxCurrentTCB                             0x20000088   Data           4  tasks.o(.data)
    __stdout                                 0x200000fc   Data           4  stdout.o(.data)
    xQueueRegistry                           0x20000114   Data          64  queue.o(.bss)



==============================================================================

Memory Map of the image

  Image Entry point : 0x08000189

  Load Region LR_IROM1 (Base: 0x08000000, Size: 0x00009034, Max: 0x00080000, ABSOLUTE)

    Execution Region ER_IROM1 (Exec base: 0x08000000, Load base: 0x08000000, Size: 0x00008f30, Max: 0x00080000, ABSOLUTE)

    Exec Addr    Load Addr    Size         Type   Attr      Idx    E Section Name        Object

    0x08000000   0x08000000   0x00000188   Data   RO          143    RESET               startup_stm32f40_41xxx.o
    0x08000188   0x08000188   0x00000000   Code   RO         4949  * .ARM.Collect$$$$00000000  mc_w.l(entry.o)
    0x08000188   0x08000188   0x00000004   Code   RO         5288    .ARM.Collect$$$$00000001  mc_w.l(entry2.o)
    0x0800018c   0x0800018c   0x00000004   Code   RO         5291    .ARM.Collect$$$$00000004  mc_w.l(entry5.o)
    0x08000190   0x08000190   0x00000000   Code   RO         5293    .ARM.Collect$$$$00000008  mc_w.l(entry7b.o)
    0x08000190   0x08000190   0x00000000   Code   RO         5295    .ARM.Collect$$$$0000000A  mc_w.l(entry8b.o)
    0x08000190   0x08000190   0x00000008   Code   RO         5296    .ARM.Collect$$$$0000000B  mc_w.l(entry9a.o)
    0x08000198   0x08000198   0x00000000   Code   RO         5298    .ARM.Collect$$$$0000000D  mc_w.l(entry10a.o)
    0x08000198   0x08000198   0x00000000   Code   RO         5300    .ARM.Collect$$$$0000000F  mc_w.l(entry11a.o)
    0x08000198   0x08000198   0x00000004   Code   RO         5289    .ARM.Collect$$$$00002712  mc_w.l(entry2.o)
    0x0800019c   0x0800019c   0x000000b6   Code   RO         4819    .emb_text           port.o
    0x08000252   0x08000252   0x00000002   PAD
    0x08000254   0x08000254   0x00000024   Code   RO          144    .text               startup_stm32f40_41xxx.o
    0x08000278   0x08000278   0x00000062   Code   RO         4952    .text               mc_w.l(ldiv.o)
    0x080002da   0x080002da   0x00000024   Code   RO         4954    .text               mc_w.l(memcpya.o)
    0x080002fe   0x080002fe   0x00000024   Code   RO         4956    .text               mc_w.l(memseta.o)
    0x08000322   0x08000322   0x0000001a   Code   RO         4958    .text               mc_w.l(memcmp.o)
    0x0800033c   0x0800033c   0x0000014e   Code   RO         5223    .text               mf_w.l(dadd.o)
    0x0800048a   0x0800048a   0x000000e4   Code   RO         5225    .text               mf_w.l(dmul.o)
    0x0800056e   0x0800056e   0x000000de   Code   RO         5227    .text               mf_w.l(ddiv.o)
    0x0800064c   0x0800064c   0x00000026   Code   RO         5233    .text               mf_w.l(f2d.o)
    0x08000672   0x08000672   0x00000038   Code   RO         5235    .text               mf_w.l(d2f.o)
    0x080006aa   0x080006aa   0x0000002c   Code   RO         5303    .text               mc_w.l(uidiv.o)
    0x080006d6   0x080006d6   0x00000062   Code   RO         5305    .text               mc_w.l(uldiv.o)
    0x08000738   0x08000738   0x0000001e   Code   RO         5307    .text               mc_w.l(llshl.o)
    0x08000756   0x08000756   0x00000024   Code   RO         5309    .text               mc_w.l(llsshr.o)
    0x0800077a   0x0800077a   0x00000000   Code   RO         5318    .text               mc_w.l(iusefp.o)
    0x0800077a   0x0800077a   0x0000006e   Code   RO         5319    .text               mf_w.l(fepilogue.o)
    0x080007e8   0x080007e8   0x000000ba   Code   RO         5321    .text               mf_w.l(depilogue.o)
    0x080008a2   0x080008a2   0x00000030   Code   RO         5325    .text               mf_w.l(dfixul.o)
    0x080008d2   0x080008d2   0x00000002   PAD
    0x080008d4   0x080008d4   0x00000030   Code   RO         5327    .text               mf_w.l(cdrcmple.o)
    0x08000904   0x08000904   0x00000024   Code   RO         5329    .text               mc_w.l(init.o)
    0x08000928   0x08000928   0x00000020   Code   RO         5331    .text               mc_w.l(llushr.o)
    0x08000948   0x08000948   0x000000a2   Code   RO         5333    .text               mf_w.l(dsqrt.o)
    0x080009ea   0x080009ea   0x00000002   PAD
    0x080009ec   0x080009ec   0x00000194   Code   RO          150    i.AppTask           main.o
    0x08000b80   0x08000b80   0x000000a8   Code   RO          151    i.AppTask1          main.o
    0x08000c28   0x08000c28   0x0000033c   Code   RO          152    i.AppTask2          main.o
    0x08000f64   0x08000f64   0x000000d8   Code   RO          153    i.AppTask3          main.o
    0x0800103c   0x0800103c   0x0000000c   Code   RO         2211    i.EXTI_ClearITPendingBit  stm32f4xx_exti.o
    0x08001048   0x08001048   0x00000070   Code   RO         2216    i.EXTI_Init         stm32f4xx_exti.o
    0x080010b8   0x080010b8   0x00000078   Code   RO         1735    i.GPIO_Init         stm32f4xx_gpio.o
    0x08001130   0x08001130   0x00000020   Code   RO         1736    i.GPIO_PinAFConfig  stm32f4xx_gpio.o
    0x08001150   0x08001150   0x0000000e   Code   RO         1739    i.GPIO_ReadInputDataBit  stm32f4xx_gpio.o
    0x0800115e   0x0800115e   0x00000004   Code   RO         1742    i.GPIO_ResetBits    stm32f4xx_gpio.o
    0x08001162   0x08001162   0x00000004   Code   RO         1743    i.GPIO_SetBits      stm32f4xx_gpio.o
    0x08001166   0x08001166   0x00000008   Code   RO         1745    i.GPIO_ToggleBits   stm32f4xx_gpio.o
    0x0800116e   0x0800116e   0x0000000a   Code   RO         1747    i.GPIO_WriteBit     stm32f4xx_gpio.o
    0x08001178   0x08001178   0x00000034   Code   RO         1673    i.IIC2_Init         iic2.o
    0x080011ac   0x080011ac   0x0000004c   Code   RO         1674    i.IIC2_ReadAck      iic2.o
    0x080011f8   0x080011f8   0x0000006c   Code   RO         1675    i.IIC2_ReadByte     iic2.o
    0x08001264   0x08001264   0x00000034   Code   RO         1676    i.IIC2_SDAModeSelect  iic2.o
    0x08001298   0x08001298   0x0000004c   Code   RO         1677    i.IIC2_Start        iic2.o
    0x080012e4   0x080012e4   0x0000004c   Code   RO         1678    i.IIC2_Stop         iic2.o
    0x08001330   0x08001330   0x00000054   Code   RO         1679    i.IIC2_WriteAck     iic2.o
    0x08001384   0x08001384   0x00000070   Code   RO         1680    i.IIC2_WriteByte    iic2.o
    0x080013f4   0x080013f4   0x00000030   Code   RO         1612    i.IIC_Init          iic.o
    0x08001424   0x08001424   0x0000004c   Code   RO         1613    i.IIC_ReadAck       iic.o
    0x08001470   0x08001470   0x00000034   Code   RO         1615    i.IIC_SDAModeSelect  iic.o
    0x080014a4   0x080014a4   0x00000048   Code   RO         1616    i.IIC_Start         iic.o
    0x080014ec   0x080014ec   0x00000048   Code   RO         1617    i.IIC_Stop          iic.o
    0x08001534   0x08001534   0x00000068   Code   RO         1619    i.IIC_WriteByte     iic.o
    0x0800159c   0x0800159c   0x00000040   Code   RO          313    i.LED_Control       led.o
    0x080015dc   0x080015dc   0x00000068   Code   RO          314    i.LED_Init          led.o
    0x08001644   0x08001644   0x00000032   Code   RO          820    i.MPU_Get_Accelerometer  mpu6050.o
    0x08001676   0x08001676   0x0000003e   Code   RO          824    i.MPU_Read_Byte     mpu6050.o
    0x080016b4   0x080016b4   0x00000072   Code   RO          825    i.MPU_Read_Len      mpu6050.o
    0x08001726   0x08001726   0x00000052   Code   RO          831    i.MPU_Write_Len     mpu6050.o
    0x08001778   0x08001778   0x00000064   Code   RO         2166    i.NVIC_Init         misc.o
    0x080017dc   0x080017dc   0x00000036   Code   RO          656    i.OLED_Fill         oled.o
    0x08001812   0x08001812   0x000000b4   Code   RO          657    i.OLED_Init         oled.o
    0x080018c6   0x080018c6   0x00000018   Code   RO          658    i.OLED_OFF          oled.o
    0x080018de   0x080018de   0x00000018   Code   RO          659    i.OLED_ON           oled.o
    0x080018f6   0x080018f6   0x00000026   Code   RO          660    i.OLED_SetPos       oled.o
    0x0800191c   0x0800191c   0x00000030   Code   RO          661    i.OLED_ShowChar     oled.o
    0x0800194c   0x0800194c   0x0000002e   Code   RO          662    i.OLED_ShowLChar    oled.o
    0x0800197a   0x0800197a   0x0000004e   Code   RO          664    i.OLED_Write        oled.o
    0x080019c8   0x080019c8   0x00000008   Code   RO          665    i.OLED_WriteCmd     oled.o
    0x080019d0   0x080019d0   0x00000008   Code   RO          666    i.OLED_WriteDat     oled.o
    0x080019d8   0x080019d8   0x0000000c   Code   RO         3433    i.PWR_BackupAccessCmd  stm32f4xx_pwr.o
    0x080019e4   0x080019e4   0x00000018   Code   RO         1832    i.RCC_AHB1PeriphClockCmd  stm32f4xx_rcc.o
    0x080019fc   0x080019fc   0x00000018   Code   RO         1841    i.RCC_APB1PeriphClockCmd  stm32f4xx_rcc.o
    0x08001a14   0x08001a14   0x00000018   Code   RO         1844    i.RCC_APB2PeriphClockCmd  stm32f4xx_rcc.o
    0x08001a2c   0x08001a2c   0x00000090   Code   RO         1853    i.RCC_GetClocksFreq  stm32f4xx_rcc.o
    0x08001abc   0x08001abc   0x00000034   Code   RO         1854    i.RCC_GetFlagStatus  stm32f4xx_rcc.o
    0x08001af0   0x08001af0   0x0000001c   Code   RO         1862    i.RCC_LSEConfig     stm32f4xx_rcc.o
    0x08001b0c   0x08001b0c   0x0000000c   Code   RO         1876    i.RCC_RTCCLKCmd     stm32f4xx_rcc.o
    0x08001b18   0x08001b18   0x00000030   Code   RO         1877    i.RCC_RTCCLKConfig  stm32f4xx_rcc.o
    0x08001b48   0x08001b48   0x00000054   Code   RO         3555    i.RTC_AlarmCmd      stm32f4xx_rtc.o
    0x08001b9c   0x08001b9c   0x00000044   Code   RO         1574    i.RTC_Alarm_IRQHandler  rtc.o
    0x08001be0   0x08001be0   0x00000012   Code   RO         3558    i.RTC_Bcd2ToByte    stm32f4xx_rtc.o
    0x08001bf2   0x08001bf2   0x00000018   Code   RO         3560    i.RTC_ByteToBcd2    stm32f4xx_rtc.o
    0x08001c0a   0x08001c0a   0x000000a8   Code   RO         1575    i.RTC_Config        rtc.o
    0x08001cb2   0x08001cb2   0x00000002   PAD
    0x08001cb4   0x08001cb4   0x0000003c   Code   RO         3570    i.RTC_EnterInitMode  stm32f4xx_rtc.o
    0x08001cf0   0x08001cf0   0x00000010   Code   RO         3571    i.RTC_ExitInitMode  stm32f4xx_rtc.o
    0x08001d00   0x08001d00   0x0000006c   Code   RO         3572    i.RTC_GetAlarm      stm32f4xx_rtc.o
    0x08001d6c   0x08001d6c   0x0000004c   Code   RO         3574    i.RTC_GetDate       stm32f4xx_rtc.o
    0x08001db8   0x08001db8   0x00000050   Code   RO         3579    i.RTC_GetTime       stm32f4xx_rtc.o
    0x08001e08   0x08001e08   0x00000040   Code   RO         3583    i.RTC_ITConfig      stm32f4xx_rtc.o
    0x08001e48   0x08001e48   0x00000050   Code   RO         3584    i.RTC_Init          stm32f4xx_rtc.o
    0x08001e98   0x08001e98   0x00000014   Code   RO         3587    i.RTC_ReadBackupRegister  stm32f4xx_rtc.o
    0x08001eac   0x08001eac   0x000000a4   Code   RO         3589    i.RTC_SetAlarm      stm32f4xx_rtc.o
    0x08001f50   0x08001f50   0x000000b8   Code   RO         1576    i.RTC_SetAlarm_A    rtc.o
    0x08002008   0x08002008   0x00000098   Code   RO         3590    i.RTC_SetDate       stm32f4xx_rtc.o
    0x080020a0   0x080020a0   0x000000a0   Code   RO         3591    i.RTC_SetTime       stm32f4xx_rtc.o
    0x08002140   0x08002140   0x0000004c   Code   RO         3607    i.RTC_WaitForSynchro  stm32f4xx_rtc.o
    0x0800218c   0x0800218c   0x00000014   Code   RO         3610    i.RTC_WriteBackupRegister  stm32f4xx_rtc.o
    0x080021a0   0x080021a0   0x00000004   Code   RO         4820    i.RTOS_Delay_ms     port.o
    0x080021a4   0x080021a4   0x00000034   Code   RO         4821    i.RTOS_Delay_us     port.o
    0x080021d8   0x080021d8   0x000000b4   Code   RO            3    i.SetSysClock       system_stm32f4xx.o
    0x0800228c   0x0800228c   0x00000014   Code   RO         4822    i.SysTick_Handler   port.o
    0x080022a0   0x080022a0   0x0000005c   Code   RO            5    i.SystemInit        system_stm32f4xx.o
    0x080022fc   0x080022fc   0x0000007c   Code   RO          412    i.TIM8_TRG_COM_TIM14_IRQHandler  timer.o
    0x08002378   0x08002378   0x000001a8   Code   RO          443    i.USART1_Config     usart.o
    0x08002520   0x08002520   0x00000028   Code   RO          444    i.USART1_IRQHandler  usart.o
    0x08002548   0x08002548   0x00000074   Code   RO          155    i.USART2_IRQHandler  main.o
    0x080025bc   0x080025bc   0x0000001c   Code   RO          446    i.USART2_SendString  usart.o
    0x080025d8   0x080025d8   0x00000044   Code   RO          447    i.USART3_IRQHandler  usart.o
    0x0800261c   0x0800261c   0x00000014   Code   RO         2879    i.USART_Cmd         stm32f4xx_usart.o
    0x08002630   0x08002630   0x00000030   Code   RO         2885    i.USART_ITConfig    stm32f4xx_usart.o
    0x08002660   0x08002660   0x000000ac   Code   RO         2886    i.USART_Init        stm32f4xx_usart.o
    0x0800270c   0x0800270c   0x00000020   Code   RO         5195    i.__0printf         mc_w.l(printfa.o)
    0x0800272c   0x0800272c   0x00000028   Code   RO         5197    i.__0sprintf        mc_w.l(printfa.o)
    0x08002754   0x08002754   0x00000030   Code   RO         5271    i.__ARM_fpclassify  m_wm.l(fpclassify.o)
    0x08002784   0x08002784   0x00000004   PAD
    0x08002788   0x08002788   0x00000360   Code   RO         4923    i.__hardfp_asin     m_wm.l(asin.o)
    0x08002ae8   0x08002ae8   0x000002d8   Code   RO         5237    i.__hardfp_atan     m_wm.l(atan.o)
    0x08002dc0   0x08002dc0   0x000001f0   Code   RO         4937    i.__hardfp_atan2    m_wm.l(atan2.o)
    0x08002fb0   0x08002fb0   0x000000f8   Code   RO         5273    i.__kernel_poly     m_wm.l(poly.o)
    0x080030a8   0x080030a8   0x00000014   Code   RO         5252    i.__mathlib_dbl_infnan  m_wm.l(dunder.o)
    0x080030bc   0x080030bc   0x00000014   Code   RO         5253    i.__mathlib_dbl_infnan2  m_wm.l(dunder.o)
    0x080030d0   0x080030d0   0x00000020   Code   RO         5254    i.__mathlib_dbl_invalid  m_wm.l(dunder.o)
    0x080030f0   0x080030f0   0x00000020   Code   RO         5257    i.__mathlib_dbl_underflow  m_wm.l(dunder.o)
    0x08003110   0x08003110   0x0000000e   Code   RO         5339    i.__scatterload_copy  mc_w.l(handlers.o)
    0x0800311e   0x0800311e   0x00000002   Code   RO         5340    i.__scatterload_null  mc_w.l(handlers.o)
    0x08003120   0x08003120   0x0000000e   Code   RO         5341    i.__scatterload_zeroinit  mc_w.l(handlers.o)
    0x0800312e   0x0800312e   0x00000002   PAD
    0x08003130   0x08003130   0x0000000c   Code   RO         5313    i.__set_errno       mc_w.l(errno.o)
    0x0800313c   0x0800313c   0x00000184   Code   RO         5202    i._fp_digits        mc_w.l(printfa.o)
    0x080032c0   0x080032c0   0x000006dc   Code   RO         5203    i._printf_core      mc_w.l(printfa.o)
    0x0800399c   0x0800399c   0x00000024   Code   RO         5204    i._printf_post_padding  mc_w.l(printfa.o)
    0x080039c0   0x080039c0   0x0000002e   Code   RO         5205    i._printf_pre_padding  mc_w.l(printfa.o)
    0x080039ee   0x080039ee   0x0000000a   Code   RO         5207    i._sputc            mc_w.l(printfa.o)
    0x080039f8   0x080039f8   0x00000090   Code   RO          928    i.accel_self_test   inv_mpu.o
    0x08003a88   0x08003a88   0x00000010   Code   RO         5239    i.atan              m_wm.l(atan.o)
    0x08003a98   0x08003a98   0x0000003a   Code   RO         1267    i.dmp_enable_6x_lp_quat  inv_mpu_dmp_motion_driver.o
    0x08003ad2   0x08003ad2   0x00000002   PAD
    0x08003ad4   0x08003ad4   0x000001dc   Code   RO         1268    i.dmp_enable_feature  inv_mpu_dmp_motion_driver.o
    0x08003cb0   0x08003cb0   0x00000038   Code   RO         1269    i.dmp_enable_gyro_cal  inv_mpu_dmp_motion_driver.o
    0x08003ce8   0x08003ce8   0x0000003a   Code   RO         1270    i.dmp_enable_lp_quat  inv_mpu_dmp_motion_driver.o
    0x08003d22   0x08003d22   0x00000030   Code   RO         1273    i.dmp_get_pedometer_step_count  inv_mpu_dmp_motion_driver.o
    0x08003d52   0x08003d52   0x00000002   PAD
    0x08003d54   0x08003d54   0x00000014   Code   RO         1275    i.dmp_load_motion_driver_firmware  inv_mpu_dmp_motion_driver.o
    0x08003d68   0x08003d68   0x0000014c   Code   RO         1276    i.dmp_read_fifo     inv_mpu_dmp_motion_driver.o
    0x08003eb4   0x08003eb4   0x000000d8   Code   RO         1279    i.dmp_set_accel_bias  inv_mpu_dmp_motion_driver.o
    0x08003f8c   0x08003f8c   0x00000064   Code   RO         1280    i.dmp_set_fifo_rate  inv_mpu_dmp_motion_driver.o
    0x08003ff0   0x08003ff0   0x000000cc   Code   RO         1281    i.dmp_set_gyro_bias  inv_mpu_dmp_motion_driver.o
    0x080040bc   0x080040bc   0x0000010c   Code   RO         1283    i.dmp_set_orientation  inv_mpu_dmp_motion_driver.o
    0x080041c8   0x080041c8   0x00000030   Code   RO         1286    i.dmp_set_shake_reject_thresh  inv_mpu_dmp_motion_driver.o
    0x080041f8   0x080041f8   0x00000020   Code   RO         1287    i.dmp_set_shake_reject_time  inv_mpu_dmp_motion_driver.o
    0x08004218   0x08004218   0x00000020   Code   RO         1288    i.dmp_set_shake_reject_timeout  inv_mpu_dmp_motion_driver.o
    0x08004238   0x08004238   0x00000040   Code   RO         1289    i.dmp_set_tap_axes  inv_mpu_dmp_motion_driver.o
    0x08004278   0x08004278   0x00000022   Code   RO         1290    i.dmp_set_tap_count  inv_mpu_dmp_motion_driver.o
    0x0800429a   0x0800429a   0x00000002   PAD
    0x0800429c   0x0800429c   0x00000160   Code   RO         1291    i.dmp_set_tap_thresh  inv_mpu_dmp_motion_driver.o
    0x080043fc   0x080043fc   0x00000020   Code   RO         1292    i.dmp_set_tap_time  inv_mpu_dmp_motion_driver.o
    0x0800441c   0x0800441c   0x00000020   Code   RO         1293    i.dmp_set_tap_time_multi  inv_mpu_dmp_motion_driver.o
    0x0800443c   0x0800443c   0x00000018   Code   RO         5267    i.fabs              m_wm.l(fabs.o)
    0x08004454   0x08004454   0x00000014   Code   RO          450    i.fputc             usart.o
    0x08004468   0x08004468   0x000000b4   Code   RO          929    i.get_accel_prod_shift  inv_mpu.o
    0x0800451c   0x0800451c   0x00000314   Code   RO          930    i.get_st_biases     inv_mpu.o
    0x08004830   0x08004830   0x000000d4   Code   RO          931    i.gyro_self_test    inv_mpu.o
    0x08004904   0x08004904   0x00000022   Code   RO          932    i.inv_orientation_matrix_to_scalar  inv_mpu.o
    0x08004926   0x08004926   0x00000048   Code   RO          933    i.inv_row_2_scale   inv_mpu.o
    0x0800496e   0x0800496e   0x00000002   PAD
    0x08004970   0x08004970   0x000000c8   Code   RO          156    i.main              main.o
    0x08004a38   0x08004a38   0x0000004c   Code   RO         1456    i.max30102_Bus_Read  max30102.o
    0x08004a84   0x08004a84   0x0000003e   Code   RO         1458    i.max30102_Bus_Write  max30102.o
    0x08004ac2   0x08004ac2   0x00000092   Code   RO         1460    i.max30102_FIFO_ReadBytes  max30102.o
    0x08004b54   0x08004b54   0x00000080   Code   RO         1462    i.max30102_init     max30102.o
    0x08004bd4   0x08004bd4   0x00000016   Code   RO         1463    i.max30102_reset    max30102.o
    0x08004bea   0x08004bea   0x00000032   Code   RO         1464    i.maxim_find_peaks  max30102.o
    0x08004c1c   0x08004c1c   0x00000384   Code   RO         1465    i.maxim_heart_rate_and_oxygen_saturation  max30102.o
    0x08004fa0   0x08004fa0   0x00000066   Code   RO         1469    i.maxim_peaks_above_min_height  max30102.o
    0x08005006   0x08005006   0x00000066   Code   RO         1470    i.maxim_remove_close_peaks  max30102.o
    0x0800506c   0x0800506c   0x00000030   Code   RO         1471    i.maxim_sort_ascend  max30102.o
    0x0800509c   0x0800509c   0x00000038   Code   RO         1472    i.maxim_sort_indices_descend  max30102.o
    0x080050d4   0x080050d4   0x00000002   Code   RO          934    i.mget_ms           inv_mpu.o
    0x080050d6   0x080050d6   0x00000002   PAD
    0x080050d8   0x080050d8   0x00000058   Code   RO          935    i.mpu_configure_fifo  inv_mpu.o
    0x08005130   0x08005130   0x00000164   Code   RO          936    i.mpu_dmp_get_data  inv_mpu.o
    0x08005294   0x08005294   0x000000a8   Code   RO          937    i.mpu_dmp_init      inv_mpu.o
    0x0800533c   0x0800533c   0x0000003c   Code   RO          938    i.mpu_get_accel_fsr  inv_mpu.o
    0x08005378   0x08005378   0x00000044   Code   RO          940    i.mpu_get_accel_sens  inv_mpu.o
    0x080053bc   0x080053bc   0x00000034   Code   RO          946    i.mpu_get_gyro_fsr  inv_mpu.o
    0x080053f0   0x080053f0   0x0000004c   Code   RO          948    i.mpu_get_gyro_sens  inv_mpu.o
    0x0800543c   0x0800543c   0x00000038   Code   RO          950    i.mpu_get_lpf       inv_mpu.o
    0x08005474   0x08005474   0x0000001c   Code   RO          952    i.mpu_get_sample_rate  inv_mpu.o
    0x08005490   0x08005490   0x00000188   Code   RO          954    i.mpu_init          inv_mpu.o
    0x08005618   0x08005618   0x000000a4   Code   RO          955    i.mpu_load_firmware  inv_mpu.o
    0x080056bc   0x080056bc   0x000000b8   Code   RO          956    i.mpu_lp_accel_mode  inv_mpu.o
    0x08005774   0x08005774   0x00000090   Code   RO          959    i.mpu_read_fifo_stream  inv_mpu.o
    0x08005804   0x08005804   0x00000054   Code   RO          960    i.mpu_read_mem      inv_mpu.o
    0x08005858   0x08005858   0x0000015c   Code   RO          963    i.mpu_reset_fifo    inv_mpu.o
    0x080059b4   0x080059b4   0x000000f0   Code   RO          964    i.mpu_run_self_test  inv_mpu.o
    0x08005aa4   0x08005aa4   0x00000068   Code   RO          966    i.mpu_set_accel_fsr  inv_mpu.o
    0x08005b0c   0x08005b0c   0x000000dc   Code   RO          967    i.mpu_set_bypass    inv_mpu.o
    0x08005be8   0x08005be8   0x00000078   Code   RO          969    i.mpu_set_dmp_state  inv_mpu.o
    0x08005c60   0x08005c60   0x0000006c   Code   RO          970    i.mpu_set_gyro_fsr  inv_mpu.o
    0x08005ccc   0x08005ccc   0x00000064   Code   RO          971    i.mpu_set_int_latched  inv_mpu.o
    0x08005d30   0x08005d30   0x0000006c   Code   RO          973    i.mpu_set_lpf       inv_mpu.o
    0x08005d9c   0x08005d9c   0x00000078   Code   RO          974    i.mpu_set_sample_rate  inv_mpu.o
    0x08005e14   0x08005e14   0x000000b8   Code   RO          975    i.mpu_set_sensors   inv_mpu.o
    0x08005ecc   0x08005ecc   0x00000054   Code   RO          976    i.mpu_write_mem     inv_mpu.o
    0x08005f20   0x08005f20   0x00000070   Code   RO         4304    i.prvAddCurrentTaskToDelayedList  tasks.o
    0x08005f90   0x08005f90   0x000000d0   Code   RO         4305    i.prvAddNewTaskToReadyList  tasks.o
    0x08006060   0x08006060   0x00000050   Code   RO         4626    i.prvCheckForValidListAndQueue  timers.o
    0x080060b0   0x080060b0   0x00000054   Code   RO         4306    i.prvCheckTasksWaitingTermination  tasks.o
    0x08006104   0x08006104   0x00000026   Code   RO         4092    i.prvCopyDataFromQueue  queue.o
    0x0800612a   0x0800612a   0x0000006c   Code   RO         4093    i.prvCopyDataToQueue  queue.o
    0x08006196   0x08006196   0x00000014   Code   RO         4307    i.prvDeleteTCB      tasks.o
    0x080061aa   0x080061aa   0x00000002   PAD
    0x080061ac   0x080061ac   0x0000004c   Code   RO         4758    i.prvHeapInit       heap_4.o
    0x080061f8   0x080061f8   0x00000028   Code   RO         4308    i.prvIdleTask       tasks.o
    0x08006220   0x08006220   0x000000b8   Code   RO         4309    i.prvInitialiseNewTask  tasks.o
    0x080062d8   0x080062d8   0x0000004c   Code   RO         4759    i.prvInsertBlockIntoFreeList  heap_4.o
    0x08006324   0x08006324   0x00000038   Code   RO         4627    i.prvInsertTimerInActiveList  timers.o
    0x0800635c   0x0800635c   0x0000001a   Code   RO         4094    i.prvIsQueueEmpty   queue.o
    0x08006376   0x08006376   0x00000002   PAD
    0x08006378   0x08006378   0x00000094   Code   RO         4095    i.prvNotifyQueueSetContainer  queue.o
    0x0800640c   0x0800640c   0x00000060   Code   RO         4628    i.prvProcessExpiredTimer  timers.o
    0x0800646c   0x0800646c   0x000000f4   Code   RO         4629    i.prvProcessReceivedCommands  timers.o
    0x08006560   0x08006560   0x0000006c   Code   RO         4630    i.prvProcessTimerOrBlockTask  timers.o
    0x080065cc   0x080065cc   0x00000020   Code   RO         4310    i.prvResetNextTaskUnblockTime  tasks.o
    0x080065ec   0x080065ec   0x00000028   Code   RO         4631    i.prvSampleTimeNow  timers.o
    0x08006614   0x08006614   0x0000006c   Code   RO         4632    i.prvSwitchTimerLists  timers.o
    0x08006680   0x08006680   0x00000060   Code   RO         4823    i.prvTaskExitError  port.o
    0x080066e0   0x080066e0   0x00000058   Code   RO         4311    i.prvTaskIsTaskSuspended  tasks.o
    0x08006738   0x08006738   0x00000028   Code   RO         4633    i.prvTimerTask      timers.o
    0x08006760   0x08006760   0x00000078   Code   RO         4096    i.prvUnlockQueue    queue.o
    0x080067d8   0x080067d8   0x00000110   Code   RO         4760    i.pvPortMalloc      heap_4.o
    0x080068e8   0x080068e8   0x00000018   Code   RO         4312    i.pvTaskIncrementMutexHeldCount  tasks.o
    0x08006900   0x08006900   0x0000002c   Code   RO         4824    i.pxPortInitialiseStack  port.o
    0x0800692c   0x0800692c   0x00000088   Code   RO          977    i.run_self_test     inv_mpu.o
    0x080069b4   0x080069b4   0x00000054   Code   RO          978    i.set_int_enable    inv_mpu.o
    0x08006a08   0x08006a08   0x0000006e   Code   RO         5278    i.sqrt              m_wm.l(sqrt.o)
    0x08006a76   0x08006a76   0x00000024   Code   RO         4043    i.uxListRemove      list.o
    0x08006a9a   0x08006a9a   0x00000016   Code   RO         4044    i.vListInitialise   list.o
    0x08006ab0   0x08006ab0   0x00000006   Code   RO         4045    i.vListInitialiseItem  list.o
    0x08006ab6   0x08006ab6   0x00000030   Code   RO         4046    i.vListInsert       list.o
    0x08006ae6   0x08006ae6   0x00000018   Code   RO         4047    i.vListInsertEnd    list.o
    0x08006afe   0x08006afe   0x00000002   PAD
    0x08006b00   0x08006b00   0x00000074   Code   RO         4826    i.vPortEnterCritical  port.o
    0x08006b74   0x08006b74   0x00000060   Code   RO         4827    i.vPortExitCritical  port.o
    0x08006bd4   0x08006bd4   0x00000098   Code   RO         4761    i.vPortFree         heap_4.o
    0x08006c6c   0x08006c6c   0x00000014   Code   RO         4828    i.vPortSetupTimerInterrupt  port.o
    0x08006c80   0x08006c80   0x00000088   Code   RO         4829    i.vPortValidateInterruptPriority  port.o
    0x08006d08   0x08006d08   0x00000024   Code   RO         4100    i.vQueueAddToRegistry  queue.o
    0x08006d2c   0x08006d2c   0x00000044   Code   RO         4103    i.vQueueWaitForMessageRestricted  queue.o
    0x08006d70   0x08006d70   0x00000070   Code   RO         4318    i.vTaskDelay        tasks.o
    0x08006de0   0x08006de0   0x0000000c   Code   RO         4322    i.vTaskMissedYield  tasks.o
    0x08006dec   0x08006dec   0x00000058   Code   RO         4324    i.vTaskPlaceOnEventList  tasks.o
    0x08006e44   0x08006e44   0x00000060   Code   RO         4325    i.vTaskPlaceOnEventListRestricted  tasks.o
    0x08006ea4   0x08006ea4   0x00000084   Code   RO         4327    i.vTaskPriorityInherit  tasks.o
    0x08006f28   0x08006f28   0x000000a4   Code   RO         4329    i.vTaskResume       tasks.o
    0x08006fcc   0x08006fcc   0x0000004c   Code   RO         4330    i.vTaskSetTimeOutState  tasks.o
    0x08007018   0x08007018   0x00000098   Code   RO         4331    i.vTaskStartScheduler  tasks.o
    0x080070b0   0x080070b0   0x000000d4   Code   RO         4332    i.vTaskSuspend      tasks.o
    0x08007184   0x08007184   0x00000010   Code   RO         4333    i.vTaskSuspendAll   tasks.o
    0x08007194   0x08007194   0x00000080   Code   RO         4334    i.vTaskSwitchContext  tasks.o
    0x08007214   0x08007214   0x00000110   Code   RO         4830    i.xPortStartScheduler  port.o
    0x08007324   0x08007324   0x0000002c   Code   RO         4831    i.xPortSysTickHandler  port.o
    0x08007350   0x08007350   0x00000024   Code   RO         4106    i.xQueueCreateMutex  queue.o
    0x08007374   0x08007374   0x00000070   Code   RO         4108    i.xQueueGenericCreate  queue.o
    0x080073e4   0x080073e4   0x00000188   Code   RO         4109    i.xQueueGenericReceive  queue.o
    0x0800756c   0x0800756c   0x000000ac   Code   RO         4110    i.xQueueGenericReset  queue.o
    0x08007618   0x08007618   0x0000018c   Code   RO         4111    i.xQueueGenericSend  queue.o
    0x080077a4   0x080077a4   0x000000e4   Code   RO         4112    i.xQueueGenericSendFromISR  queue.o
    0x08007888   0x08007888   0x0000008c   Code   RO         4335    i.xTaskCheckForTimeOut  tasks.o
    0x08007914   0x08007914   0x00000056   Code   RO         4336    i.xTaskCreate       tasks.o
    0x0800796a   0x0800796a   0x00000002   PAD
    0x0800796c   0x0800796c   0x0000001c   Code   RO         4340    i.xTaskGetSchedulerState  tasks.o
    0x08007988   0x08007988   0x0000000c   Code   RO         4341    i.xTaskGetTickCount  tasks.o
    0x08007994   0x08007994   0x000000ec   Code   RO         4343    i.xTaskIncrementTick  tasks.o
    0x08007a80   0x08007a80   0x000000b8   Code   RO         4346    i.xTaskPriorityDisinherit  tasks.o
    0x08007b38   0x08007b38   0x0000009c   Code   RO         4347    i.xTaskRemoveFromEventList  tasks.o
    0x08007bd4   0x08007bd4   0x000000e8   Code   RO         4349    i.xTaskResumeAll    tasks.o
    0x08007cbc   0x08007cbc   0x00000078   Code   RO         4636    i.xTimerCreate      timers.o
    0x08007d34   0x08007d34   0x00000078   Code   RO         4637    i.xTimerCreateTimerTask  timers.o
    0x08007dac   0x08007dac   0x00000094   Code   RO         4638    i.xTimerGenericCommand  timers.o
    0x08007e40   0x08007e40   0x00000240   Data   RO          667    .constdata          oled.o
    0x08008080   0x08008080   0x0000001b   Data   RO          980    .constdata          inv_mpu.o
    0x0800809b   0x0800809b   0x00000001   PAD
    0x0800809c   0x0800809c   0x0000000c   Data   RO          981    .constdata          inv_mpu.o
    0x080080a8   0x080080a8   0x00000028   Data   RO          982    .constdata          inv_mpu.o
    0x080080d0   0x080080d0   0x00000bf6   Data   RO         1295    .constdata          inv_mpu_dmp_motion_driver.o
    0x08008cc6   0x08008cc6   0x000000f6   Data   RO         1474    .constdata          max30102.o
    0x08008dbc   0x08008dbc   0x00000004   PAD
    0x08008dc0   0x08008dc0   0x00000050   Data   RO         4926    .constdata          m_wm.l(asin.o)
    0x08008e10   0x08008e10   0x00000098   Data   RO         5240    .constdata          m_wm.l(atan.o)
    0x08008ea8   0x08008ea8   0x00000008   Data   RO         5275    .constdata          m_wm.l(qnan.o)
    0x08008eb0   0x08008eb0   0x0000004d   Data   RO          983    .conststring        inv_mpu.o
    0x08008efd   0x08008efd   0x00000003   PAD
    0x08008f00   0x08008f00   0x00000030   Data   RO         5337    Region$$Table       anon$$obj.o


    Execution Region RW_IRAM2 (Exec base: 0x10000000, Load base: 0x08009034, Size: 0x00002de8, Max: 0x00010000, ABSOLUTE)

    Exec Addr    Load Addr    Size         Type   Attr      Idx    E Section Name        Object

    0x10000000        -       0x00000fa0   Zero   RW          157    .bss                main.o
    0x10000fa0        -       0x00001760   Zero   RW         1473    .bss                max30102.o
    0x10002700        -       0x000002e4   Zero   RW         4351    .bss                tasks.o
    0x100029e4   0x08009034   0x00000004   PAD
    0x100029e8        -       0x00000400   Zero   RW          141    STACK               startup_stm32f40_41xxx.o


    Execution Region RW_IRAM1 (Exec base: 0x20000000, Load base: 0x08008f30, Size: 0x00012d7c, Max: 0x00020000, ABSOLUTE)

    Exec Addr    Load Addr    Size         Type   Attr      Idx    E Section Name        Object

    0x20000000   0x08008f30   0x0000003b   Data   RW          158    .data               main.o
    0x2000003b   0x08008f6b   0x00000001   PAD
    0x2000003c   0x08008f6c   0x00000004   Data   RW          413    .data               timer.o
    0x20000040   0x08008f70   0x00000035   Data   RW          984    .data               inv_mpu.o
    0x20000075   0x08008fa5   0x00000010   Data   RW         1885    .data               stm32f4xx_rcc.o
    0x20000085   0x08008fb5   0x00000003   PAD
    0x20000088   0x08008fb8   0x0000003c   Data   RW         4352    .data               tasks.o
    0x200000c4   0x08008ff4   0x00000014   Data   RW         4646    .data               timers.o
    0x200000d8   0x08009008   0x00000018   Data   RW         4766    .data               heap_4.o
    0x200000f0   0x08009020   0x0000000c   Data   RW         4832    .data               port.o
    0x200000fc   0x0800902c   0x00000004   Data   RW         5302    .data               mc_w.l(stdout.o)
    0x20000100   0x08009030   0x00000004   Data   RW         5314    .data               mc_w.l(errno.o)
    0x20000104        -       0x00000010   Zero   RW         1294    .bss                inv_mpu_dmp_motion_driver.o
    0x20000114        -       0x00000040   Zero   RW         4123    .bss                queue.o
    0x20000154        -       0x00000028   Zero   RW         4645    .bss                timers.o
    0x2000017c        -       0x00012c00   Zero   RW         4765    .bss                heap_4.o


==============================================================================

Image component sizes


      Code (inc. data)   RO Data    RW Data    ZI Data      Debug   Object Name

         0          0          0          0          0       2812   croutine.o
         0          0          0          0          0      11812   event_groups.o
       576        130          0         24      76800       4251   heap_4.o
       424         34          0          0          0       3796   iic.o
       636         38          0          0          0       5141   iic2.o
      5308        304        156         53          0      36925   inv_mpu.o
      2462        132       3062          0         16      21613   inv_mpu_dmp_motion_driver.o
       168         18          0          0          0       1157   led.o
       136          0          0          0          0       3422   list.o
      1932        344          0         59       4000      21487   main.o
      1692         26        246          0       5984      11539   max30102.o
       100          4          0          0          0       1168   misc.o
       308          0          0          0          0       3861   mpu6050.o
       508          6        576          0          0       6992   oled.o
      1082        368          0         12          0      12689   port.o
      1880        258          0          0         64      14337   queue.o
       420         12          0          0          0       2761   rtc.o
        36          8        392          0       1024        840   startup_stm32f40_41xxx.o
       124         10          0          0          0       1737   stm32f4xx_exti.o
       192          0          0          0          0       4933   stm32f4xx_gpio.o
        12          6          0          0          0        542   stm32f4xx_pwr.o
       356         56          0         16          0       7374   stm32f4xx_rcc.o
      1202         92          0          0          0      12222   stm32f4xx_rtc.o
       240          8          0          0          0       3178   stm32f4xx_usart.o
       272         36          0          0          0     280889   system_stm32f4xx.o
      3054        822          0         60        740      31662   tasks.o
       124         16          0          4          0        640   timer.o
      1160        276          0         20         40      10306   timers.o
       580         40          0          0          0       4916   usart.o

    ----------------------------------------------------------------------
     25006       3044       4488        252      88672     525002   Object Totals
         0          0         48          0          0          0   (incl. Generated)
        22          0          8          4          4          0   (incl. Padding)

    ----------------------------------------------------------------------

      Code (inc. data)   RO Data    RW Data    ZI Data      Debug   Library Member Name

       864         94         80          0          0        280   asin.o
       744        106        152          0          0        352   atan.o
       496         64          0          0          0        192   atan2.o
       104         16          0          0          0        496   dunder.o
        24          0          0          0          0        124   fabs.o
        48          0          0          0          0        124   fpclassify.o
       248          0          0          0          0        152   poly.o
         0          0          8          0          0          0   qnan.o
       110          0          0          0          0        148   sqrt.o
         0          0          0          0          0          0   entry.o
         0          0          0          0          0          0   entry10a.o
         0          0          0          0          0          0   entry11a.o
         8          4          0          0          0          0   entry2.o
         4          0          0          0          0          0   entry5.o
         0          0          0          0          0          0   entry7b.o
         0          0          0          0          0          0   entry8b.o
         8          4          0          0          0          0   entry9a.o
        12          6          0          4          0         68   errno.o
        30          0          0          0          0          0   handlers.o
        36          8          0          0          0         68   init.o
         0          0          0          0          0          0   iusefp.o
        98          0          0          0          0         84   ldiv.o
        30          0          0          0          0         68   llshl.o
        36          0          0          0          0         68   llsshr.o
        32          0          0          0          0         68   llushr.o
        26          0          0          0          0         80   memcmp.o
        36          0          0          0          0         68   memcpya.o
        36          0          0          0          0        108   memseta.o
      2308         96          0          0          0        604   printfa.o
         0          0          0          4          0          0   stdout.o
        44          0          0          0          0         80   uidiv.o
        98          0          0          0          0         92   uldiv.o
        48          0          0          0          0         68   cdrcmple.o
        56          0          0          0          0         88   d2f.o
       334          0          0          0          0        148   dadd.o
       222          0          0          0          0        100   ddiv.o
       186          0          0          0          0        176   depilogue.o
        48          0          0          0          0         68   dfixul.o
       228          0          0          0          0         96   dmul.o
       162          0          0          0          0        100   dsqrt.o
        38          0          0          0          0         68   f2d.o
       110          0          0          0          0        168   fepilogue.o

    ----------------------------------------------------------------------
      6922        398        240          8          0       4404   Library Totals
        10          0          0          0          0          0   (incl. Padding)

    ----------------------------------------------------------------------

      Code (inc. data)   RO Data    RW Data    ZI Data      Debug   Library Name

      2638        280        240          0          0       1868   m_wm.l
      2842        118          0          8          0       1456   mc_w.l
      1432          0          0          0          0       1080   mf_w.l

    ----------------------------------------------------------------------
      6922        398        240          8          0       4404   Library Totals

    ----------------------------------------------------------------------

==============================================================================


      Code (inc. data)   RO Data    RW Data    ZI Data      Debug   

     31928       3442       4728        260      88672     505710   Grand Totals
     31928       3442       4728        260      88672     505710   ELF Image Totals
     31928       3442       4728        260          0          0   ROM Totals

==============================================================================

    Total RO  Size (Code + RO Data)                36656 (  35.80kB)
    Total RW  Size (RW Data + ZI Data)             88932 (  86.85kB)
    Total ROM Size (Code + RO Data + RW Data)      36916 (  36.05kB)

==============================================================================

